em_crypto.c:1844:13:CRYPTO_AES_CFBx	64	static
em_crypto.c:1989:13:CRYPTO_AES_ECBx	64	static
em_crypto.c:2049:13:CRYPTO_AES_OFBx	64	static
em_crypto.c:1772:13:CRYPTO_AES_PCBCx	64	static
em_crypto.c:1922:13:CRYPTO_AES_CTRx	72	static
em_crypto.c:1699:13:CRYPTO_AES_CBCx	64	static
em_crypto.c:208:6:CRYPTO_ModulusSet	8	static
em_crypto.c:262:6:CRYPTO_KeyRead	16	static
em_crypto.c:294:6:CRYPTO_SHA_1	96	static
em_crypto.c:432:6:CRYPTO_SHA_256	96	static
em_crypto.c:597:6:CRYPTO_Mul	56	static
em_crypto.c:845:6:CRYPTO_AES_CBC128	32	static
em_crypto.c:891:6:CRYPTO_AES_CBC256	32	static
em_crypto.c:968:6:CRYPTO_AES_PCBC128	32	static
em_crypto.c:1014:6:CRYPTO_AES_PCBC256	32	static
em_crypto.c:1087:6:CRYPTO_AES_CFB128	32	static
em_crypto.c:1130:6:CRYPTO_AES_CFB256	32	static
em_crypto.c:1206:6:CRYPTO_AES_CTR128	24	static
em_crypto.c:1252:6:CRYPTO_AES_CTR256	24	static
em_crypto.c:1278:6:CRYPTO_AES_CTRUpdate32Bit	0	static
em_crypto.c:1303:6:CRYPTO_AES_DecryptKey128	32	static
em_crypto.c:1341:6:CRYPTO_AES_DecryptKey256	32	static
em_crypto.c:1418:6:CRYPTO_AES_ECB128	32	static
em_crypto.c:1460:6:CRYPTO_AES_ECB256	32	static
em_crypto.c:1531:6:CRYPTO_AES_OFB128	24	static
em_crypto.c:1570:6:CRYPTO_AES_OFB256	24	static
