em_cmu.c:3127:13:setHfLeConfig	8	static
em_cmu.c:3178:17:auxClkGet	0	static
em_cmu.c:3534:13:flashWaitStateControl	8	static
em_cmu.c:4222:17:CMU_AUXHFRCODevinfoGet	0	static
em_cmu.c:7461:17:CMU_HFRCODevinfoGet	0	static
em_cmu.c:3246:17:hfSrcClkGet	8	static
em_cmu.c:3644:13:flashWaitStateMax	8	static
em_cmu.c:3753:6:CMU_UpdateWaitStates	8	static
em_cmu.c:4275:26:CMU_AUXHFRCOBandGet	0	static
em_cmu.c:4289:6:CMU_AUXHFRCOBandSet	8	static
em_cmu.c:4350:10:CMU_Calibrate	0	static
em_cmu.c:4439:6:CMU_CalibrateConfig	8	static
em_cmu.c:4547:10:CMU_CalibrateCountGet	0	static
em_cmu.c:4921:6:CMU_ClockEnable	12	static
em_cmu.c:5333:10:CMU_ClockPrescGet	0	static
em_cmu.c:4582:20:CMU_ClockDivGet	8	static
em_cmu.c:5880:20:CMU_ClockSelectGet	0	static
em_cmu.c:3839:17:lfClkGet	8	static
em_cmu.c:3263:17:dbgClkGet	8	static
em_cmu.c:3296:17:adcAsyncClkGet	8	static
em_cmu.c:5045:10:CMU_ClockFreqGet	8	static
em_cmu.c:5546:6:CMU_ClockPrescSet	8	static
em_cmu.c:4713:6:CMU_ClockDivSet	8	static
em_cmu.c:4072:13:hfperClkSafePrescaler	8	static
em_cmu.c:4095:13:hfperClkOptimizedPrescaler	16	static
em_cmu.c:7175:6:CMU_DPLLLock	16	static
em_cmu.c:7331:6:CMU_FreezeEnable	0	static
em_cmu.c:7523:23:CMU_HFRCOBandGet	0	static
em_cmu.c:7539:6:CMU_HFRCOBandSet	16	static
em_cmu.c:7968:10:CMU_LCDClkFDIVGet	0	static
em_cmu.c:7990:6:CMU_LCDClkFDIVSet	0	static
em_cmu.c:8276:10:CMU_OscillatorTuningGet	0	static
em_cmu.c:8344:6:CMU_OscillatorTuningSet	0	static
em_cmu.c:8454:6:CMU_OscillatorTuningWait	0	static
em_cmu.c:8087:6:CMU_OscillatorEnable	24	static
em_cmu.c:6443:6:CMU_ClockSelectSet	16	static
em_cmu.c:7767:6:CMU_HFXOAutostartEnable	24	static
em_cmu.c:7830:6:CMU_HFXOInit	8	static
em_cmu.c:8020:6:CMU_LFXOInit	16	static
em_cmu.c:8520:6:CMU_OscillatorTuningOptimize	8	static
em_cmu.c:8557:6:CMU_PCNTClockExternalGet	0	static
em_cmu.c:8597:6:CMU_PCNTClockExternalSet	12	static
