em_core.c:310:14:CORE_CriticalDisableIrq	0	static
em_core.c:321:14:CORE_CriticalEnableIrq	0	static
em_core.c:336:25:CORE_EnterCritical	0	static
em_core.c:352:14:CORE_ExitCritical	0	static
em_core.c:367:14:CORE_YieldCritical	0	static
em_core.c:388:14:CORE_AtomicDisableIrq	0	static
em_core.c:412:14:CORE_AtomicEnableIrq	0	static
em_core.c:435:25:CORE_EnterAtomic	0	static
em_core.c:461:14:CORE_ExitAtomic	0	static
em_core.c:484:14:CORE_YieldAtomic	0	static
em_core.c:515:6:CORE_EnterNvicMask	16	static
em_core.c:531:6:CORE_NvicDisableMask	8	static
em_core.c:545:6:CORE_NvicEnableMask	8	static
em_core.c:563:6:CORE_YieldNvicMask	16	static
em_core.c:615:6:CORE_NvicMaskSetIRQ	0	static
em_core.c:631:6:CORE_NvicMaskClearIRQ	0	static
em_core.c:645:14:CORE_InIrqContext	0	static
em_core.c:709:14:CORE_IrqIsDisabled	0	static
em_core.c:728:6:CORE_GetNvicEnabledMask	8	static
em_core.c:745:6:CORE_GetNvicMaskDisableState	16	static
em_core.c:777:6:CORE_NvicIRQDisabled	0	static
em_core.c:660:14:CORE_IrqIsBlocked	8	static
em_core.c:800:7:CORE_GetNvicRamTableHandler	0	static
em_core.c:819:6:CORE_SetNvicRamTableHandler	0	static
em_core.c:856:6:CORE_InitNvicVectorTable	24	static
