em_emu.c:477:13:vScaleDownEM23Setup	0	static
em_emu.c:500:13:vScaleAfterWakeup	0	static
em_emu.c:1774:13:currentLimitersUpdate	8	static
em_emu.c:1854:13:userCurrentLimitsSet	0	static
em_emu.c:1868:13:compCtrlSet	0	static
em_emu.c:1897:13:lpCmpHystCalibrationLoad	8	static
em_emu.c:1995:13:lpGetDevinfoVrefLowHigh	8	static
em_emu.c:2749:17:vmonCalibratedThreshold	16	static
em_emu.c:294:13:emState	16	static
em_emu.c:536:14:EMU_EM23PresleepHook	0	static
em_emu.c:556:14:EMU_EM23PostsleepHook	0	static
em_emu.c:622:6:EMU_EnterEM2	8	static
em_emu.c:749:6:EMU_EnterEM3	8	static
em_emu.c:849:6:EMU_Save	8	static
em_emu.c:863:6:EMU_Restore	8	static
em_emu.c:875:6:EMU_EnterEM4	8	static
em_emu.c:975:6:EMU_EnterEM4H	8	static
em_emu.c:991:6:EMU_EnterEM4S	8	static
em_emu.c:1017:6:EMU_MemPwrDown	0	static
em_emu.c:1063:6:EMU_RamPowerDown	8	static
em_emu.c:1144:6:EMU_RamPowerUp	0	static
em_emu.c:1179:6:EMU_PeripheralRetention	0	static
em_emu.c:1194:6:EMU_UpdateOscConfig	8	static
em_emu.c:1256:6:EMU_VScaleEM01	16	static
em_emu.c:1214:6:EMU_VScaleEM01ByClock	16	static
em_emu.c:1298:6:EMU_EM01Init	8	static
em_emu.c:1313:6:EMU_EM23Init	0	static
em_emu.c:1343:6:EMU_EM4Init	0	static
em_emu.c:1514:6:EMU_BUInit	0	static
em_emu.c:1532:6:EMU_BUDisMaxCompSet	0	static
em_emu.c:1543:6:EMU_BUBuInactPwrConSet	8	static
em_emu.c:1554:6:EMU_BUBuActPwrConSet	8	static
em_emu.c:1565:6:EMU_BUPwrResSet	8	static
em_emu.c:1576:6:EMU_BUVoutResSet	8	static
em_emu.c:1587:6:EMU_BUBuVinProbeEnSet	8	static
em_emu.c:1598:6:EMU_BUStatEnSet	8	static
em_emu.c:1609:6:EMU_BUEnableSet	8	static
em_emu.c:2086:6:EMU_DCDCModeSet	12	static
em_emu.c:2364:6:EMU_DCDCOutputVoltageSet	96	static
em_emu.c:2515:6:EMU_DCDCOptimizeSlice	8	static
em_emu.c:2574:6:EMU_DCDCLnRcoBandSet	8	static
em_emu.c:2166:6:EMU_DCDCConductionModeSet	16	static
em_emu.c:1709:13:dcdcValidatedConfigSet	8	static
em_emu.c:2220:6:EMU_DCDCInit	16	static
em_emu.c:2603:6:EMU_DCDCPowerOff	0	static
em_emu.c:2868:6:EMU_VmonInit	16	static
em_emu.c:2955:6:EMU_VmonHystInit	24	static
em_emu.c:2995:6:EMU_VmonEnable	0	static
em_emu.c:3047:6:EMU_VmonChannelStatusGet	0	static
