em_lesense.c:248:10:LESENSE_ScanFreqSet	24	static
em_lesense.c:365:6:LESENSE_StartDelaySet	0	static
em_lesense.c:406:6:LESENSE_ClkDivSet	0	static
em_lesense.c:604:6:LESENSE_AltExConfig	20	static
em_lesense.c:687:6:LESENSE_ChannelEnable	16	static
em_lesense.c:723:6:LESENSE_ChannelEnableMask	0	static
em_lesense.c:759:6:LESENSE_ChannelTimingSet	0	static
em_lesense.c:813:6:LESENSE_ChannelThresSet	8	static
em_lesense.c:498:6:LESENSE_ChannelConfig	16	static
em_lesense.c:465:6:LESENSE_ChannelAllConfig	16	static
em_lesense.c:933:6:LESENSE_WindowSizeSet	0	static
em_lesense.c:867:6:LESENSE_ChannelSlidingWindow	16	static
em_lesense.c:952:6:LESENSE_StepSizeSet	8	static
em_lesense.c:904:6:LESENSE_ChannelStepDetection	16	static
em_lesense.c:1000:6:LESENSE_DecoderStateConfig	12	static
em_lesense.c:974:6:LESENSE_DecoderStateAllConfig	16	static
em_lesense.c:1051:6:LESENSE_DecoderStateSet	0	static
em_lesense.c:1066:10:LESENSE_DecoderStateGet	0	static
em_lesense.c:1086:6:LESENSE_DecoderPrsOut	0	static
em_lesense.c:1107:6:LESENSE_ScanStart	0	static
em_lesense.c:326:6:LESENSE_ScanModeSet	8	static
em_lesense.c:1139:6:LESENSE_ScanStop	0	static
em_lesense.c:1168:6:LESENSE_DecoderStart	0	static
em_lesense.c:1197:6:LESENSE_ResultBufferClear	0	static
em_lesense.c:1225:6:LESENSE_Reset	0	static
em_lesense.c:116:6:LESENSE_Init	16	static
