Archive member included to satisfy reference by file (symbol)

d:/siliconlabs/simplicitystudio/v4/developer/toolchains/gnu_arm/7.2_2017q4/bin/../lib/gcc/arm-none-eabi/7.2.1/../../../../arm-none-eabi/lib/thumb/v6-m\libm.a(lib_a-w_log.o)
                              ./driver/mainctrl.o (log)
d:/siliconlabs/simplicitystudio/v4/developer/toolchains/gnu_arm/7.2_2017q4/bin/../lib/gcc/arm-none-eabi/7.2.1/../../../../arm-none-eabi/lib/thumb/v6-m\libm.a(lib_a-e_log.o)
                              d:/siliconlabs/simplicitystudio/v4/developer/toolchains/gnu_arm/7.2_2017q4/bin/../lib/gcc/arm-none-eabi/7.2.1/../../../../arm-none-eabi/lib/thumb/v6-m\libm.a(lib_a-w_log.o) (__ieee754_log)
d:/siliconlabs/simplicitystudio/v4/developer/toolchains/gnu_arm/7.2_2017q4/bin/../lib/gcc/arm-none-eabi/7.2.1/../../../../arm-none-eabi/lib/thumb/v6-m\libm.a(lib_a-s_lib_ver.o)
                              d:/siliconlabs/simplicitystudio/v4/developer/toolchains/gnu_arm/7.2_2017q4/bin/../lib/gcc/arm-none-eabi/7.2.1/../../../../arm-none-eabi/lib/thumb/v6-m\libm.a(lib_a-w_log.o) (__fdlib_version)
d:/siliconlabs/simplicitystudio/v4/developer/toolchains/gnu_arm/7.2_2017q4/bin/../lib/gcc/arm-none-eabi/7.2.1/../../../../arm-none-eabi/lib/thumb/v6-m\libm.a(lib_a-s_matherr.o)
                              d:/siliconlabs/simplicitystudio/v4/developer/toolchains/gnu_arm/7.2_2017q4/bin/../lib/gcc/arm-none-eabi/7.2.1/../../../../arm-none-eabi/lib/thumb/v6-m\libm.a(lib_a-w_log.o) (matherr)
d:/siliconlabs/simplicitystudio/v4/developer/toolchains/gnu_arm/7.2_2017q4/bin/../lib/gcc/arm-none-eabi/7.2.1/../../../../arm-none-eabi/lib/thumb/v6-m\libm.a(lib_a-s_nan.o)
                              d:/siliconlabs/simplicitystudio/v4/developer/toolchains/gnu_arm/7.2_2017q4/bin/../lib/gcc/arm-none-eabi/7.2.1/../../../../arm-none-eabi/lib/thumb/v6-m\libm.a(lib_a-w_log.o) (nan)
d:/siliconlabs/simplicitystudio/v4/developer/toolchains/gnu_arm/7.2_2017q4/bin/../lib/gcc/arm-none-eabi/7.2.1/thumb/v6-m\libgcc.a(_udivsi3.o)
                              ./emlib/em_adc.o (__aeabi_uidiv)
d:/siliconlabs/simplicitystudio/v4/developer/toolchains/gnu_arm/7.2_2017q4/bin/../lib/gcc/arm-none-eabi/7.2.1/thumb/v6-m\libgcc.a(_dvmd_tls.o)
                              d:/siliconlabs/simplicitystudio/v4/developer/toolchains/gnu_arm/7.2_2017q4/bin/../lib/gcc/arm-none-eabi/7.2.1/thumb/v6-m\libgcc.a(_udivsi3.o) (__aeabi_idiv0)
d:/siliconlabs/simplicitystudio/v4/developer/toolchains/gnu_arm/7.2_2017q4/bin/../lib/gcc/arm-none-eabi/7.2.1/thumb/v6-m\libgcc.a(_arm_cmpdf2.o)
                              d:/siliconlabs/simplicitystudio/v4/developer/toolchains/gnu_arm/7.2_2017q4/bin/../lib/gcc/arm-none-eabi/7.2.1/../../../../arm-none-eabi/lib/thumb/v6-m\libm.a(lib_a-w_log.o) (__aeabi_dcmpeq)
d:/siliconlabs/simplicitystudio/v4/developer/toolchains/gnu_arm/7.2_2017q4/bin/../lib/gcc/arm-none-eabi/7.2.1/thumb/v6-m\libgcc.a(_arm_cmpsf2.o)
                              ./driver/mainctrl.o (__aeabi_fcmplt)
d:/siliconlabs/simplicitystudio/v4/developer/toolchains/gnu_arm/7.2_2017q4/bin/../lib/gcc/arm-none-eabi/7.2.1/thumb/v6-m\libgcc.a(_clzsi2.o)
                              ./emlib/em_cmu.o (__clzsi2)
d:/siliconlabs/simplicitystudio/v4/developer/toolchains/gnu_arm/7.2_2017q4/bin/../lib/gcc/arm-none-eabi/7.2.1/thumb/v6-m\libgcc.a(_aeabi_uldivmod.o)
                              ./emlib/em_usart.o (__aeabi_uldivmod)
d:/siliconlabs/simplicitystudio/v4/developer/toolchains/gnu_arm/7.2_2017q4/bin/../lib/gcc/arm-none-eabi/7.2.1/thumb/v6-m\libgcc.a(_muldi3.o)
                              ./emlib/em_usart.o (__aeabi_lmul)
d:/siliconlabs/simplicitystudio/v4/developer/toolchains/gnu_arm/7.2_2017q4/bin/../lib/gcc/arm-none-eabi/7.2.1/thumb/v6-m\libgcc.a(_udivmoddi4.o)
                              d:/siliconlabs/simplicitystudio/v4/developer/toolchains/gnu_arm/7.2_2017q4/bin/../lib/gcc/arm-none-eabi/7.2.1/thumb/v6-m\libgcc.a(_aeabi_uldivmod.o) (__udivmoddi4)
d:/siliconlabs/simplicitystudio/v4/developer/toolchains/gnu_arm/7.2_2017q4/bin/../lib/gcc/arm-none-eabi/7.2.1/thumb/v6-m\libgcc.a(addsf3.o)
                              ./driver/mainctrl.o (__aeabi_fadd)
d:/siliconlabs/simplicitystudio/v4/developer/toolchains/gnu_arm/7.2_2017q4/bin/../lib/gcc/arm-none-eabi/7.2.1/thumb/v6-m\libgcc.a(divsf3.o)
                              ./driver/ltc4151drv.o (__aeabi_fdiv)
d:/siliconlabs/simplicitystudio/v4/developer/toolchains/gnu_arm/7.2_2017q4/bin/../lib/gcc/arm-none-eabi/7.2.1/thumb/v6-m\libgcc.a(eqsf2.o)
                              d:/siliconlabs/simplicitystudio/v4/developer/toolchains/gnu_arm/7.2_2017q4/bin/../lib/gcc/arm-none-eabi/7.2.1/thumb/v6-m\libgcc.a(_arm_cmpsf2.o) (__eqsf2)
d:/siliconlabs/simplicitystudio/v4/developer/toolchains/gnu_arm/7.2_2017q4/bin/../lib/gcc/arm-none-eabi/7.2.1/thumb/v6-m\libgcc.a(gesf2.o)
                              d:/siliconlabs/simplicitystudio/v4/developer/toolchains/gnu_arm/7.2_2017q4/bin/../lib/gcc/arm-none-eabi/7.2.1/thumb/v6-m\libgcc.a(_arm_cmpsf2.o) (__gesf2)
[...]
Memory Configuration

Name             Origin             Length             Attributes
FLASH            0x00000000         0x00020000         xr
RAM              0x20000000         0x00008000         xrw
*default*        0x00000000         0xffffffff

Linker script and memory map

LOAD d:/siliconlabs/simplicitystudio/v4/developer/toolchains/gnu_arm/7.2_2017q4/bin/../lib/gcc/arm-none-eabi/7.2.1/thumb/v6-m/crti.o
LOAD d:/siliconlabs/simplicitystudio/v4/developer/toolchains/gnu_arm/7.2_2017q4/bin/../lib/gcc/arm-none-eabi/7.2.1/thumb/v6-m/crtbegin.o
LOAD d:/siliconlabs/simplicitystudio/v4/developer/toolchains/gnu_arm/7.2_2017q4/bin/../lib/gcc/arm-none-eabi/7.2.1/../../../../arm-none-eabi/lib/thumb/v6-m/crt0.o
LOAD ./src/main.o
LOAD ./emlib/em_acmp.o
LOAD ./emlib/em_adc.o
LOAD ./emlib/em_aes.o
LOAD ./emlib/em_assert.o
LOAD ./emlib/em_burtc.o
LOAD ./emlib/em_can.o
LOAD ./emlib/em_cmu.o
LOAD ./emlib/em_core.o
LOAD ./emlib/em_cryotimer.o
LOAD ./emlib/em_crypto.o
LOAD ./emlib/em_csen.o
LOAD ./emlib/em_dac.o
LOAD ./emlib/em_dbg.o
LOAD ./emlib/em_dma.o
LOAD ./emlib/em_ebi.o
LOAD ./emlib/em_emu.o
LOAD ./emlib/em_eusart.o
LOAD ./emlib/em_gpcrc.o
LOAD ./emlib/em_gpio.o
LOAD ./emlib/em_i2c.o
LOAD ./emlib/em_iadc.o
LOAD ./emlib/em_idac.o
LOAD ./emlib/em_int.o
LOAD ./emlib/em_lcd.o
LOAD ./emlib/em_ldma.o
LOAD ./emlib/em_lesense.o
LOAD ./emlib/em_letimer.o
LOAD ./emlib/em_leuart.o
LOAD ./emlib/em_mpu.o
LOAD ./emlib/em_msc.o
LOAD ./emlib/em_opamp.o
LOAD ./emlib/em_pcnt.o
LOAD ./emlib/em_pdm.o
LOAD ./emlib/em_prs.o
LOAD ./emlib/em_qspi.o
LOAD ./emlib/em_rmu.o
LOAD ./emlib/em_rtc.o
LOAD ./emlib/em_rtcc.o
LOAD ./emlib/em_se.o
LOAD ./emlib/em_timer.o
LOAD ./emlib/em_usart.o
LOAD ./emlib/em_vcmp.o
LOAD ./emlib/em_vdac.o
LOAD ./emlib/em_wdog.o
LOAD ./driver/adcdrv.o
LOAD ./driver/candrv.o
LOAD ./driver/crc.o
LOAD ./driver/i2cdrv.o
LOAD ./driver/ltc4151drv.o
LOAD ./driver/mainctrl.o
LOAD ./driver/timer.o
LOAD ./CMSIS/EFM32TG11B/startup_efm32tg11b.o
LOAD ./CMSIS/EFM32TG11B/system_efm32tg11b.o
LOAD d:/siliconlabs/simplicitystudio/v4/developer/toolchains/gnu_arm/7.2_2017q4/bin/../lib/gcc/arm-none-eabi/7.2.1/../../../../arm-none-eabi/lib/thumb/v6-m\libm.a
START GROUP
LOAD d:/siliconlabs/simplicitystudio/v4/developer/toolchains/gnu_arm/7.2_2017q4/bin/../lib/gcc/arm-none-eabi/7.2.1/thumb/v6-m\libgcc.a
LOAD d:/siliconlabs/simplicitystudio/v4/developer/toolchains/gnu_arm/7.2_2017q4/bin/../lib/gcc/arm-none-eabi/7.2.1/../../../../arm-none-eabi/lib/thumb/v6-m\libc_nano.a
LOAD d:/siliconlabs/simplicitystudio/v4/developer/toolchains/gnu_arm/7.2_2017q4/bin/../lib/gcc/arm-none-eabi/7.2.1/../../../../arm-none-eabi/lib/thumb/v6-m\libnosys.a
END GROUP
START GROUP
LOAD d:/siliconlabs/simplicitystudio/v4/developer/toolchains/gnu_arm/7.2_2017q4/bin/../lib/gcc/arm-none-eabi/7.2.1/thumb/v6-m\libgcc.a
LOAD d:/siliconlabs/simplicitystudio/v4/developer/toolchains/gnu_arm/7.2_2017q4/bin/../lib/gcc/arm-none-eabi/7.2.1/../../../../arm-none-eabi/lib/thumb/v6-m\libg_nano.a
LOAD d:/siliconlabs/simplicitystudio/v4/developer/toolchains/gnu_arm/7.2_2017q4/bin/../lib/gcc/arm-none-eabi/7.2.1/../../../../arm-none-eabi/lib/thumb/v6-m\libc_nano.a
END GROUP
START GROUP
LOAD d:/siliconlabs/simplicitystudio/v4/developer/toolchains/gnu_arm/7.2_2017q4/bin/../lib/gcc/arm-none-eabi/7.2.1/thumb/v6-m\libgcc.a
LOAD d:/siliconlabs/simplicitystudio/v4/developer/toolchains/gnu_arm/7.2_2017q4/bin/../lib/gcc/arm-none-eabi/7.2.1/../../../../arm-none-eabi/lib/thumb/v6-m\libc_nano.a
END GROUP
LOAD d:/siliconlabs/simplicitystudio/v4/developer/toolchains/gnu_arm/7.2_2017q4/bin/../lib/gcc/arm-none-eabi/7.2.1/thumb/v6-m/crtend.o
LOAD d:/siliconlabs/simplicitystudio/v4/developer/toolchains/gnu_arm/7.2_2017q4/bin/../lib/gcc/arm-none-eabi/7.2.1/thumb/v6-m/crtn.o

.text           0x00000000     0x654c
 *(.vectors)
 .vectors       0x00000000       0xc0 ./CMSIS/EFM32TG11B/startup_efm32tg11b.o
                0x00000000                __Vectors
                0x000000c0                __Vectors_End = .
                0x000000c0                __Vectors_Size = (__Vectors_End - __Vectors)
                0x000000c0                __end__ = .
 *(.text*)
 .text          0x000000c0       0x48 d:/siliconlabs/simplicitystudio/v4/developer/toolchains/gnu_arm/7.2_2017q4/bin/../lib/gcc/arm-none-eabi/7.2.1/thumb/v6-m/crtbegin.o
 .text          0x00000108       0x78 d:/siliconlabs/simplicitystudio/v4/developer/toolchains/gnu_arm/7.2_2017q4/bin/../lib/gcc/arm-none-eabi/7.2.1/../../../../arm-none-eabi/lib/thumb/v6-m/crt0.o
                0x00000108                _start
                0x00000108                _mainCRTStartup
 .text.main     0x00000180       0x74 ./src/main.o
                0x00000180                main
 .text.ADC_LoadDevinfoCal
                0x000001f4      0x10c ./emlib/em_adc.o
 .text.ADC_InitSingle
                0x00000300       0xc4 ./emlib/em_adc.o
                0x00000300                ADC_InitSingle
 .text.ADC_PrescaleCalc
                0x000003c4       0x4c ./emlib/em_adc.o
                0x000003c4                ADC_PrescaleCalc
 .text.ADC_Init
                0x00000410       0xa0 ./emlib/em_adc.o
                0x00000410                ADC_Init
 .text.ADC_Reset
                0x000004b0       0x5c ./emlib/em_adc.o
                0x000004b0                ADC_Reset
 .text.ADC_TimebaseCalc
                0x0000050c       0x34 ./emlib/em_adc.o
                0x0000050c                ADC_TimebaseCalc
 .text.CAN_GetClockFrequency
                0x00000540       0x20 ./emlib/em_can.o
                0x00000540                CAN_GetClockFrequency
 .text.CAN_SetRoute
                0x00000560       0x18 ./emlib/em_can.o
                0x00000560                CAN_SetRoute
 .text.CAN_SetBitTiming
                0x00000578       0x74 ./emlib/em_can.o
                0x00000578                CAN_SetBitTiming
 .text.CAN_SetMode
                0x000005ec       0x50 ./emlib/em_can.o
                0x000005ec                CAN_SetMode
 .text.CAN_Reset
                0x0000063c       0x88 ./emlib/em_can.o
                0x0000063c                CAN_Reset
 .text.CAN_WriteData
                0x000006c4       0x7e ./emlib/em_can.o
                0x000006c4                CAN_WriteData
 .text.CAN_SendRequest
                0x00000742       0x24 ./emlib/em_can.o
                0x00000742                CAN_SendRequest
 *fill*         0x00000766        0x2 
 .text.CAN_SetIdAndFilter
                0x00000768      0x108 ./emlib/em_can.o
                0x00000768                CAN_SetIdAndFilter
 .text.CAN_ConfigureMessageObject
                0x00000870       0x9c ./emlib/em_can.o
                0x00000870                CAN_ConfigureMessageObject
 .text.CAN_SendMessage
                0x0000090c      0x110 ./emlib/em_can.o
                0x0000090c                CAN_SendMessage
 .text.CAN_ReadMessage
                0x00000a1c       0xac ./emlib/em_can.o
                0x00000a1c                CAN_ReadMessage
 .text.CAN_ResetMessages
                0x00000ac8       0x4c ./emlib/em_can.o
                0x00000ac8                CAN_ResetMessages
 .text.setHfLeConfig
                0x00000b14       0x54 ./emlib/em_cmu.o
 .text.auxClkGet
                0x00000b68        0xc ./emlib/em_cmu.o
 .text.flashWaitStateControl
                0x00000b74       0x54 ./emlib/em_cmu.o
 .text.hfSrcClkGet
                0x00000bc8       0x20 ./emlib/em_cmu.o
 .text.flashWaitStateMax
                0x00000be8       0x28 ./emlib/em_cmu.o
 .text.CMU_UpdateWaitStates
                0x00000c10       0x24 ./emlib/em_cmu.o
                0x00000c10                CMU_UpdateWaitStates
 .text.CMU_ClockEnable
                0x00000c34       0x9c ./emlib/em_cmu.o
                0x00000c34                CMU_ClockEnable
 .text.CMU_ClockSelectGet
                0x00000cd0      0x10c ./emlib/em_cmu.o
                0x00000cd0                CMU_ClockSelectGet
 .text.lfClkGet
                0x00000ddc       0x94 ./emlib/em_cmu.o
 .text.dbgClkGet
                0x00000e70       0x24 ./emlib/em_cmu.o
 .text.adcAsyncClkGet
                0x00000e94       0x38 ./emlib/em_cmu.o
 .text.CMU_ClockFreqGet
                0x00000ecc      0x23c ./emlib/em_cmu.o
                0x00000ecc                CMU_ClockFreqGet
 .text.CMU_ClockPrescSet
                0x00001108      0x2c0 ./emlib/em_cmu.o
                0x00001108                CMU_ClockPrescSet
 .text.hfperClkSafePrescaler
                0x000013c8       0x28 ./emlib/em_cmu.o
 .text.hfperClkOptimizedPrescaler
                0x000013f0       0xac ./emlib/em_cmu.o
 .text.CMU_HFRCOBandGet
                0x0000149c        0xc ./emlib/em_cmu.o
                0x0000149c                CMU_HFRCOBandGet
 .text.CMU_OscillatorTuningGet
                0x000014a8       0x34 ./emlib/em_cmu.o
                0x000014a8                CMU_OscillatorTuningGet
 .text.CMU_OscillatorTuningSet
                0x000014dc       0x64 ./emlib/em_cmu.o
                0x000014dc                CMU_OscillatorTuningSet
 .text.CMU_OscillatorTuningWait
                0x00001540       0x38 ./emlib/em_cmu.o
                0x00001540                CMU_OscillatorTuningWait
 .text.CMU_OscillatorEnable
                0x00001578      0x124 ./emlib/em_cmu.o
                0x00001578                CMU_OscillatorEnable
 .text.CMU_ClockSelectSet
                0x0000169c      0x1c8 ./emlib/em_cmu.o
                0x0000169c                CMU_ClockSelectSet
 .text.CORE_CriticalDisableIrq
                0x00001864        0x4 ./emlib/em_core.o
                0x00001864                CORE_CriticalDisableIrq
 .text.CORE_CriticalEnableIrq
                0x00001868        0x4 ./emlib/em_core.o
                0x00001868                CORE_CriticalEnableIrq
 .text.EMU_VScaleEM01
                0x0000186c       0x6c ./emlib/em_emu.o
                0x0000186c                EMU_VScaleEM01
 .text.EMU_VScaleEM01ByClock
                0x000018d8       0x50 ./emlib/em_emu.o
                0x000018d8                EMU_VScaleEM01ByClock
 .text.GPIO_PinModeSet
                0x00001928       0xc4 ./emlib/em_gpio.o
                0x00001928                GPIO_PinModeSet
 .text.flushRx  0x000019ec        0xc ./emlib/em_i2c.o
 .text.I2C_BusFreqSet
                0x000019f8       0x94 ./emlib/em_i2c.o
                0x000019f8                I2C_BusFreqSet
 .text.I2C_Enable
                0x00001a8c        0xc ./emlib/em_i2c.o
                0x00001a8c                I2C_Enable
 .text.I2C_Init
                0x00001a98       0x38 ./emlib/em_i2c.o
                0x00001a98                I2C_Init
 .text.I2C_Reset
                0x00001ad0       0x24 ./emlib/em_i2c.o
                0x00001ad0                I2C_Reset
 .text.I2C_Transfer
                0x00001af4      0x27c ./emlib/em_i2c.o
                0x00001af4                I2C_Transfer
 .text.I2C_TransferInit
                0x00001d70       0x88 ./emlib/em_i2c.o
                0x00001d70                I2C_TransferInit
 .text.TIMER_Init
                0x00001df8       0x9e ./emlib/em_timer.o
                0x00001df8                TIMER_Init
 *fill*         0x00001e96        0x2 
 .text.initADC  0x00001e98       0x84 ./driver/adcdrv.o
                0x00001e98                initADC
 .text.get_AD   0x00001f1c       0x38 ./driver/adcdrv.o
                0x00001f1c                get_AD
 .text.msgQueueFull
                0x00001f54       0x10 ./driver/candrv.o
                0x00001f54                msgQueueFull
 .text.msgQueueEmpty
                0x00001f64       0x10 ./driver/candrv.o
                0x00001f64                msgQueueEmpty
 .text.msgEnqueue
                0x00001f74       0x52 ./driver/candrv.o
                0x00001f74                msgEnqueue
 .text.msgDequeue
                0x00001fc6       0x42 ./driver/candrv.o
                0x00001fc6                msgDequeue
 .text.setUpCAN
                0x00002008       0xa4 ./driver/candrv.o
                0x00002008                setUpCAN
 .text.configMessageObj
                0x000020ac       0x5e ./driver/candrv.o
                0x000020ac                configMessageObj
 *fill*         0x0000210a        0x2 
 .text.CAN0_IRQHandler
                0x0000210c       0x54 ./driver/candrv.o
                0x0000210c                CAN0_IRQHandler
 .text.CAN_Tx   0x00002160       0x14 ./driver/candrv.o
                0x00002160                CAN_Tx
 .text.poll_CAN_Tx
                0x00002174       0x30 ./driver/candrv.o
                0x00002174                poll_CAN_Tx
 .text.CANInit  0x000021a4       0x48 ./driver/candrv.o
                0x000021a4                CANInit
 .text.handleDaltesterOn
                0x000021ec       0x80 ./driver/candrv.o
                0x000021ec                handleDaltesterOn
 .text.handleDaltesterOff
                0x0000226c       0x84 ./driver/candrv.o
                0x0000226c                handleDaltesterOff
 .text.handleBatteryChk
                0x000022f0      0x110 ./driver/candrv.o
                0x000022f0                handleBatteryChk
 .text.handlePwrToBattery
                0x00002400       0xa4 ./driver/candrv.o
                0x00002400                handlePwrToBattery
 .text.handlePwrToGround
                0x000024a4       0xa4 ./driver/candrv.o
                0x000024a4                handlePwrToGround
 .text.CAN_ParseMsg
                0x00002548       0xb8 ./driver/candrv.o
                0x00002548                CAN_ParseMsg
 .text.parseForBatterysupplyMode
                0x00002600       0x10 ./driver/candrv.o
                0x00002600                parseForBatterysupplyMode
 .text.parseForGroundSupplyMode
                0x00002610       0x10 ./driver/candrv.o
                0x00002610                parseForGroundSupplyMode
 .text.configBeforePowerSwitch
                0x00002620       0x40 ./driver/candrv.o
                0x00002620                configBeforePowerSwitch
 .text.GetCRC16
                0x00002660       0x34 ./driver/crc.o
                0x00002660                GetCRC16
 .text.initI2C  0x00002694       0xd8 ./driver/i2cdrv.o
                0x00002694                initI2C
 .text.initI2CIntf
                0x0000276c       0x10 ./driver/i2cdrv.o
                0x0000276c                initI2CIntf
 .text.performI2CTransfer
                0x0000277c       0x8c ./driver/i2cdrv.o
                0x0000277c                performI2CTransfer
 .text.get_Vin  0x00002808       0x54 ./driver/ltc4151drv.o
                0x00002808                get_Vin
 .text.getFloatfromAD
                0x0000285c       0x60 ./driver/ltc4151drv.o
                0x0000285c                getFloatfromAD
 .text.globalInit
                0x000028bc       0x48 ./driver/mainctrl.o
                0x000028bc                globalInit
 .text.clockConfig
                0x00002904       0x3c ./driver/mainctrl.o
                0x00002904                clockConfig
 .text.batteryStatusInit
                0x00002940       0x50 ./driver/mainctrl.o
                0x00002940                batteryStatusInit
 .text.getBatteryTemp
                0x00002990       0x6c ./driver/mainctrl.o
                0x00002990                getBatteryTemp
 .text.updateBatteryStatus
                0x000029fc       0x3c ./driver/mainctrl.o
                0x000029fc                updateBatteryStatus
 .text.batteryStatusCollect
                0x00002a38      0x2a0 ./driver/mainctrl.o
                0x00002a38                batteryStatusCollect
 .text.pollBatteryStatus
                0x00002cd8       0x40 ./driver/mainctrl.o
                0x00002cd8                pollBatteryStatus
 .text.TIMER0_IRQHandler
                0x00002d18       0x38 ./driver/timer.o
                0x00002d18                TIMER0_IRQHandler
 .text.TIMER1_IRQHandler
                0x00002d50        0xc ./driver/timer.o
                0x00002d50                TIMER1_IRQHandler
 .text.setupTimer0
                0x00002d5c       0x50 ./driver/timer.o
                0x00002d5c                setupTimer0
 .text.Timer_init
                0x00002dac        0x8 ./driver/timer.o
                0x00002dac                Timer_init
 .text          0x00002db4       0x30 ./CMSIS/EFM32TG11B/startup_efm32tg11b.o
                0x00002db4                Reset_Handler
                0x00002de0                HardFault_Handler
                0x00002de0                SysTick_Handler
                0x00002de0                PendSV_Handler
                0x00002de0                NMI_Handler
                0x00002de0                I2C1_IRQHandler
                0x00002de0                WTIMER0_IRQHandler
                0x00002de0                CRYPTO0_IRQHandler
                0x00002de0                WDOG0_IRQHandler
                0x00002de0                UART0_IRQHandler
                0x00002de0                SMU_IRQHandler
                0x00002de0                MSC_IRQHandler
                0x00002de0                ADC0_IRQHandler
                0x00002de0                LEUART0_IRQHandler
                0x00002de0                WTIMER1_IRQHandler
                0x00002de0                GPIO_EVEN_IRQHandler
                0x00002de0                VDAC0_IRQHandler
                0x00002de0                LDMA_IRQHandler
                0x00002de0                CSEN_IRQHandler
                0x00002de0                USART3_IRQHandler
                0x00002de0                I2C0_IRQHandler
                0x00002de0                LCD_IRQHandler
                0x00002de0                LETIMER0_IRQHandler
                0x00002de0                USART0_IRQHandler
                0x00002de0                Default_Handler
                0x00002de0                EMU_IRQHandler
                0x00002de0                CRYOTIMER_IRQHandler
                0x00002de0                PCNT0_IRQHandler
                0x00002de0                sl_app_properties
                0x00002de0                ACMP0_IRQHandler
                0x00002de0                SVC_Handler
                0x00002de0                RTCC_IRQHandler
                0x00002de0                CMU_IRQHandler
                0x00002de0                LESENSE_IRQHandler
                0x00002de0                GPIO_ODD_IRQHandler
                0x00002de0                USART2_IRQHandler
                0x00002de0                USART1_IRQHandler
 .text.SystemMaxCoreClockGet
                0x00002de4        0x8 ./CMSIS/EFM32TG11B/system_efm32tg11b.o
                0x00002de4                SystemMaxCoreClockGet
 .text.SystemHFClockGet
                0x00002dec       0x54 ./CMSIS/EFM32TG11B/system_efm32tg11b.o
                0x00002dec                SystemHFClockGet
 .text.SystemCoreClockGet
                0x00002e40       0x28 ./CMSIS/EFM32TG11B/system_efm32tg11b.o
                0x00002e40                SystemCoreClockGet
 .text.SystemHFXOClockGet
                0x00002e68        0xc ./CMSIS/EFM32TG11B/system_efm32tg11b.o
                0x00002e68                SystemHFXOClockGet
 .text.SystemInit
                0x00002e74       0x10 ./CMSIS/EFM32TG11B/system_efm32tg11b.o
                0x00002e74                SystemInit
 .text.SystemLFRCOClockGet
                0x00002e84        0x6 ./CMSIS/EFM32TG11B/system_efm32tg11b.o
                0x00002e84                SystemLFRCOClockGet
 .text.SystemULFRCOClockGet
                0x00002e8a        0x6 ./CMSIS/EFM32TG11B/system_efm32tg11b.o
                0x00002e8a                SystemULFRCOClockGet
 .text.SystemLFXOClockGet
                0x00002e90        0xc ./CMSIS/EFM32TG11B/system_efm32tg11b.o
                0x00002e90                SystemLFXOClockGet
 .text.log      0x00002e9c      0x110 d:/siliconlabs/simplicitystudio/v4/developer/toolchains/gnu_arm/7.2_2017q4/bin/../lib/gcc/arm-none-eabi/7.2.1/../../../../arm-none-eabi/lib/thumb/v6-m\libm.a(lib_a-w_log.o)
                0x00002e9c                log
 .text.__ieee754_log
                0x00002fac      0x3ac d:/siliconlabs/simplicitystudio/v4/developer/toolchains/gnu_arm/7.2_2017q4/bin/../lib/gcc/arm-none-eabi/7.2.1/../../../../arm-none-eabi/lib/thumb/v6-m\libm.a(lib_a-e_log.o)
                0x00002fac                __ieee754_log
 .text.matherr  0x00003358        0x4 d:/siliconlabs/simplicitystudio/v4/developer/toolchains/gnu_arm/7.2_2017q4/bin/../lib/gcc/arm-none-eabi/7.2.1/../../../../arm-none-eabi/lib/thumb/v6-m\libm.a(lib_a-s_matherr.o)
                0x00003358                matherr
 .text.nan      0x0000335c        0xc d:/siliconlabs/simplicitystudio/v4/developer/toolchains/gnu_arm/7.2_2017q4/bin/../lib/gcc/arm-none-eabi/7.2.1/../../../../arm-none-eabi/lib/thumb/v6-m\libm.a(lib_a-s_nan.o)
                0x0000335c                nan
 .text          0x00003368      0x114 d:/siliconlabs/simplicitystudio/v4/developer/toolchains/gnu_arm/7.2_2017q4/bin/../lib/gcc/arm-none-eabi/7.2.1/thumb/v6-m\libgcc.a(_udivsi3.o)
                0x00003368                __aeabi_uidiv
                0x00003368                __udivsi3
                0x00003474                __aeabi_uidivmod
 .text          0x0000347c        0x4 d:/siliconlabs/simplicitystudio/v4/developer/toolchains/gnu_arm/7.2_2017q4/bin/../lib/gcc/arm-none-eabi/7.2.1/thumb/v6-m\libgcc.a(_dvmd_tls.o)
                0x0000347c                __aeabi_idiv0
                0x0000347c                __aeabi_ldiv0
 .text          0x00003480       0x7c d:/siliconlabs/simplicitystudio/v4/developer/toolchains/gnu_arm/7.2_2017q4/bin/../lib/gcc/arm-none-eabi/7.2.1/thumb/v6-m\libgcc.a(_arm_cmpdf2.o)
                0x00003480                __aeabi_cdrcmple
                0x00003490                __aeabi_cdcmple
                0x00003490                __aeabi_cdcmpeq
                0x000034a0                __aeabi_dcmpeq
                0x000034ac                __aeabi_dcmplt
                0x000034c0                __aeabi_dcmple
                0x000034d4                __aeabi_dcmpgt
                0x000034e8                __aeabi_dcmpge
 .text          0x000034fc       0x74 d:/siliconlabs/simplicitystudio/v4/developer/toolchains/gnu_arm/7.2_2017q4/bin/../lib/gcc/arm-none-eabi/7.2.1/thumb/v6-m\libgcc.a(_arm_cmpsf2.o)
                0x000034fc                __aeabi_cfrcmple
                0x00003504                __aeabi_cfcmpeq
                0x00003504                __aeabi_cfcmple
                0x00003514                __aeabi_fcmpeq
                0x00003520                __aeabi_fcmplt
                0x00003534                __aeabi_fcmple
                0x00003548                __aeabi_fcmpgt
                0x0000355c                __aeabi_fcmpge
 .text          0x00003570       0x3c d:/siliconlabs/simplicitystudio/v4/developer/toolchains/gnu_arm/7.2_2017q4/bin/../lib/gcc/arm-none-eabi/7.2.1/thumb/v6-m\libgcc.a(_clzsi2.o)
                0x00003570                __clzsi2
 .text          0x000035ac      0x334 d:/siliconlabs/simplicitystudio/v4/developer/toolchains/gnu_arm/7.2_2017q4/bin/../lib/gcc/arm-none-eabi/7.2.1/thumb/v6-m\libgcc.a(addsf3.o)
                0x000035ac                __aeabi_fadd
 .text          0x000038e0      0x224 d:/siliconlabs/simplicitystudio/v4/developer/toolchains/gnu_arm/7.2_2017q4/bin/../lib/gcc/arm-none-eabi/7.2.1/thumb/v6-m\libgcc.a(divsf3.o)
                0x000038e0                __aeabi_fdiv
 .text          0x00003b04       0x50 d:/siliconlabs/simplicitystudio/v4/developer/toolchains/gnu_arm/7.2_2017q4/bin/../lib/gcc/arm-none-eabi/7.2.1/thumb/v6-m\libgcc.a(eqsf2.o)
                0x00003b04                __eqsf2
                0x00003b04                __nesf2
 .text          0x00003b54       0x9c d:/siliconlabs/simplicitystudio/v4/developer/toolchains/gnu_arm/7.2_2017q4/bin/../lib/gcc/arm-none-eabi/7.2.1/thumb/v6-m\libgcc.a(gesf2.o)
                0x00003b54                __gesf2
                0x00003b54                __gtsf2
 .text          0x00003bf0       0xa0 d:/siliconlabs/simplicitystudio/v4/developer/toolchains/gnu_arm/7.2_2017q4/bin/../lib/gcc/arm-none-eabi/7.2.1/thumb/v6-m\libgcc.a(lesf2.o)
                0x00003bf0                __ltsf2
                0x00003bf0                __lesf2
 .text          0x00003c90      0x264 d:/siliconlabs/simplicitystudio/v4/developer/toolchains/gnu_arm/7.2_2017q4/bin/../lib/gcc/arm-none-eabi/7.2.1/thumb/v6-m\libgcc.a(mulsf3.o)
                0x00003c90                __aeabi_fmul
 .text          0x00003ef4      0x388 d:/siliconlabs/simplicitystudio/v4/developer/toolchains/gnu_arm/7.2_2017q4/bin/../lib/gcc/arm-none-eabi/7.2.1/thumb/v6-m\libgcc.a(subsf3.o)
                0x00003ef4                __aeabi_fsub
 .text          0x0000427c       0x40 d:/siliconlabs/simplicitystudio/v4/developer/toolchains/gnu_arm/7.2_2017q4/bin/../lib/gcc/arm-none-eabi/7.2.1/thumb/v6-m\libgcc.a(fixsfsi.o)
                0x0000427c                __aeabi_f2iz
 .text          0x000042bc       0x94 d:/siliconlabs/simplicitystudio/v4/developer/toolchains/gnu_arm/7.2_2017q4/bin/../lib/gcc/arm-none-eabi/7.2.1/thumb/v6-m\libgcc.a(floatsisf.o)
                0x000042bc                __aeabi_i2f
 .text          0x00004350      0x638 d:/siliconlabs/simplicitystudio/v4/developer/toolchains/gnu_arm/7.2_2017q4/bin/../lib/gcc/arm-none-eabi/7.2.1/thumb/v6-m\libgcc.a(adddf3.o)
                0x00004350                __aeabi_dadd
 .text          0x00004988      0x604 d:/siliconlabs/simplicitystudio/v4/developer/toolchains/gnu_arm/7.2_2017q4/bin/../lib/gcc/arm-none-eabi/7.2.1/thumb/v6-m\libgcc.a(divdf3.o)
                0x00004988                __aeabi_ddiv
 .text          0x00004f8c       0x78 d:/siliconlabs/simplicitystudio/v4/developer/toolchains/gnu_arm/7.2_2017q4/bin/../lib/gcc/arm-none-eabi/7.2.1/thumb/v6-m\libgcc.a(eqdf2.o)
                0x00004f8c                __nedf2
                0x00004f8c                __eqdf2
 .text          0x00005004       0xc8 d:/siliconlabs/simplicitystudio/v4/developer/toolchains/gnu_arm/7.2_2017q4/bin/../lib/gcc/arm-none-eabi/7.2.1/thumb/v6-m\libgcc.a(gedf2.o)
                0x00005004                __gedf2
                0x00005004                __gtdf2
 .text          0x000050cc       0xd0 d:/siliconlabs/simplicitystudio/v4/developer/toolchains/gnu_arm/7.2_2017q4/bin/../lib/gcc/arm-none-eabi/7.2.1/thumb/v6-m\libgcc.a(ledf2.o)
                0x000050cc                __ledf2
                0x000050cc                __ltdf2
 .text          0x0000519c      0x4e4 d:/siliconlabs/simplicitystudio/v4/developer/toolchains/gnu_arm/7.2_2017q4/bin/../lib/gcc/arm-none-eabi/7.2.1/thumb/v6-m\libgcc.a(muldf3.o)
                0x0000519c                __aeabi_dmul
 .text          0x00005680      0x690 d:/siliconlabs/simplicitystudio/v4/developer/toolchains/gnu_arm/7.2_2017q4/bin/../lib/gcc/arm-none-eabi/7.2.1/thumb/v6-m\libgcc.a(subdf3.o)
                0x00005680                __aeabi_dsub
 .text          0x00005d10       0x38 d:/siliconlabs/simplicitystudio/v4/developer/toolchains/gnu_arm/7.2_2017q4/bin/../lib/gcc/arm-none-eabi/7.2.1/thumb/v6-m\libgcc.a(unorddf2.o)
                0x00005d10                __aeabi_dcmpun
 .text          0x00005d48       0x74 d:/siliconlabs/simplicitystudio/v4/developer/toolchains/gnu_arm/7.2_2017q4/bin/../lib/gcc/arm-none-eabi/7.2.1/thumb/v6-m\libgcc.a(floatsidf.o)
                0x00005d48                __aeabi_i2d
 .text          0x00005dbc       0xa4 d:/siliconlabs/simplicitystudio/v4/developer/toolchains/gnu_arm/7.2_2017q4/bin/../lib/gcc/arm-none-eabi/7.2.1/thumb/v6-m\libgcc.a(extendsfdf2.o)
                0x00005dbc                __aeabi_f2d
 .text          0x00005e60      0x108 d:/siliconlabs/simplicitystudio/v4/developer/toolchains/gnu_arm/7.2_2017q4/bin/../lib/gcc/arm-none-eabi/7.2.1/thumb/v6-m\libgcc.a(truncdfsf2.o)
                0x00005e60                __aeabi_d2f
 .text.__errno  0x00005f68        0xc d:/siliconlabs/simplicitystudio/v4/developer/toolchains/gnu_arm/7.2_2017q4/bin/../lib/gcc/arm-none-eabi/7.2.1/../../../../arm-none-eabi/lib/thumb/v6-m\libc_nano.a(lib_a-errno.o)
                0x00005f68                __errno
 .text.exit     0x00005f74       0x2c d:/siliconlabs/simplicitystudio/v4/developer/toolchains/gnu_arm/7.2_2017q4/bin/../lib/gcc/arm-none-eabi/7.2.1/../../../../arm-none-eabi/lib/thumb/v6-m\libc_nano.a(lib_a-exit.o)
                0x00005f74                exit
 .text.__libc_init_array
                0x00005fa0       0x48 d:/siliconlabs/simplicitystudio/v4/developer/toolchains/gnu_arm/7.2_2017q4/bin/../lib/gcc/arm-none-eabi/7.2.1/../../../../arm-none-eabi/lib/thumb/v6-m\libc_nano.a(lib_a-init.o)
                0x00005fa0                __libc_init_array
 .text.memcpy   0x00005fe8       0x12 d:/siliconlabs/simplicitystudio/v4/developer/toolchains/gnu_arm/7.2_2017q4/bin/../lib/gcc/arm-none-eabi/7.2.1/../../../../arm-none-eabi/lib/thumb/v6-m\libc_nano.a(lib_a-memcpy-stub.o)
                0x00005fe8                memcpy
 .text.memset   0x00005ffa       0x10 d:/siliconlabs/simplicitystudio/v4/developer/toolchains/gnu_arm/7.2_2017q4/bin/../lib/gcc/arm-none-eabi/7.2.1/../../../../arm-none-eabi/lib/thumb/v6-m\libc_nano.a(lib_a-memset.o)
                0x00005ffa                memset
 *fill*         0x0000600a        0x2 
 .text._exit    0x0000600c        0x4 d:/siliconlabs/simplicitystudio/v4/developer/toolchains/gnu_arm/7.2_2017q4/bin/../lib/gcc/arm-none-eabi/7.2.1/../../../../arm-none-eabi/lib/thumb/v6-m\libnosys.a(_exit.o)
                0x0000600c                _exit
 *(.init)
 .init          0x00006010        0x4 d:/siliconlabs/simplicitystudio/v4/developer/toolchains/gnu_arm/7.2_2017q4/bin/../lib/gcc/arm-none-eabi/7.2.1/thumb/v6-m/crti.o
                0x00006010                _init
 .init          0x00006014        0x8 d:/siliconlabs/simplicitystudio/v4/developer/toolchains/gnu_arm/7.2_2017q4/bin/../lib/gcc/arm-none-eabi/7.2.1/thumb/v6-m/crtn.o
 *(.fini)
 .fini          0x0000601c        0x4 d:/siliconlabs/simplicitystudio/v4/developer/toolchains/gnu_arm/7.2_2017q4/bin/../lib/gcc/arm-none-eabi/7.2.1/thumb/v6-m/crti.o
                0x0000601c                _fini
 .fini          0x00006020        0x8 d:/siliconlabs/simplicitystudio/v4/developer/toolchains/gnu_arm/7.2_2017q4/bin/../lib/gcc/arm-none-eabi/7.2.1/thumb/v6-m/crtn.o
 *crtbegin.o(.ctors)
 *crtbegin?.o(.ctors)
 *(EXCLUDE_FILE(*crtend.o *crtend?.o) .ctors)
 *(SORT_BY_NAME(.ctors.*))
 *(.ctors)
 *crtbegin.o(.dtors)
 *crtbegin?.o(.dtors)
 *(EXCLUDE_FILE(*crtend.o *crtend?.o) .dtors)
 *(SORT_BY_NAME(.dtors.*))
 *(.dtors)
 *(.rodata*)
 .rodata.CAN_SetMode
                0x00006028       0x14 ./emlib/em_can.o
 .rodata.CMU_ClockEnable
                0x0000603c       0x3c ./emlib/em_cmu.o
 .rodata.CMU_ClockSelectGet
                0x00006078       0x44 ./emlib/em_cmu.o
 .rodata.CMU_ClockPrescSet
                0x000060bc       0x34 ./emlib/em_cmu.o
 .rodata.CMU_OscillatorEnable
                0x000060f0       0x14 ./emlib/em_cmu.o
 .rodata.CMU_ClockSelectSet
                0x00006104       0x84 ./emlib/em_cmu.o
 .rodata.flashWsTable
                0x00006188       0x28 ./emlib/em_cmu.o
 .rodata.I2C_Transfer
                0x000061b0       0x24 ./emlib/em_i2c.o
 .rodata.i2cNSum
                0x000061d4        0x4 ./emlib/em_i2c.o
 .rodata.CAN_ParseMsg
                0x000061d8       0x14 ./driver/candrv.o
 .rodata.CRC16Tab
                0x000061ec      0x200 ./driver/crc.o
                0x000061ec                CRC16Tab
 .rodata        0x000063ec       0x10 ./driver/i2cdrv.o
 .rodata.log.str1.4
                0x000063fc        0x8 d:/siliconlabs/simplicitystudio/v4/developer/toolchains/gnu_arm/7.2_2017q4/bin/../lib/gcc/arm-none-eabi/7.2.1/../../../../arm-none-eabi/lib/thumb/v6-m\libm.a(lib_a-w_log.o)
                                  0x5 (size before relaxing)
 .rodata        0x00006404       0x80 d:/siliconlabs/simplicitystudio/v4/developer/toolchains/gnu_arm/7.2_2017q4/bin/../lib/gcc/arm-none-eabi/7.2.1/thumb/v6-m\libgcc.a(divsf3.o)
 .rodata        0x00006484       0x40 d:/siliconlabs/simplicitystudio/v4/developer/toolchains/gnu_arm/7.2_2017q4/bin/../lib/gcc/arm-none-eabi/7.2.1/thumb/v6-m\libgcc.a(mulsf3.o)
 .rodata        0x000064c4       0x40 d:/siliconlabs/simplicitystudio/v4/developer/toolchains/gnu_arm/7.2_2017q4/bin/../lib/gcc/arm-none-eabi/7.2.1/thumb/v6-m\libgcc.a(divdf3.o)
 .rodata        0x00006504       0x40 d:/siliconlabs/simplicitystudio/v4/developer/toolchains/gnu_arm/7.2_2017q4/bin/../lib/gcc/arm-none-eabi/7.2.1/thumb/v6-m\libgcc.a(muldf3.o)
 .rodata._global_impure_ptr
                0x00006544        0x4 d:/siliconlabs/simplicitystudio/v4/developer/toolchains/gnu_arm/7.2_2017q4/bin/../lib/gcc/arm-none-eabi/7.2.1/../../../../arm-none-eabi/lib/thumb/v6-m\libc_nano.a(lib_a-impure.o)
                0x00006544                _global_impure_ptr
 *(.eh_frame*)
 .eh_frame      0x00006548        0x0 d:/siliconlabs/simplicitystudio/v4/developer/toolchains/gnu_arm/7.2_2017q4/bin/../lib/gcc/arm-none-eabi/7.2.1/thumb/v6-m/crtbegin.o
 .eh_frame      0x00006548        0x4 d:/siliconlabs/simplicitystudio/v4/developer/toolchains/gnu_arm/7.2_2017q4/bin/../lib/gcc/arm-none-eabi/7.2.1/thumb/v6-m/crtend.o

.glue_7         0x0000654c        0x0
 .glue_7        0x0000654c        0x0 linker stubs

.glue_7t        0x0000654c        0x0
 .glue_7t       0x0000654c        0x0 linker stubs

.vfp11_veneer   0x0000654c        0x0
 .vfp11_veneer  0x0000654c        0x0 linker stubs

.v4_bx          0x0000654c        0x0
 .v4_bx         0x0000654c        0x0 linker stubs

.iplt           0x0000654c        0x0
 .iplt          0x0000654c        0x0 d:/siliconlabs/simplicitystudio/v4/developer/toolchains/gnu_arm/7.2_2017q4/bin/../lib/gcc/arm-none-eabi/7.2.1/thumb/v6-m/crtbegin.o

.ARM.extab
 *(.ARM.extab* .gnu.linkonce.armextab.*)
                0x0000654c                __exidx_start = .

.ARM.exidx      0x0000654c        0x8
 *(.ARM.exidx* .gnu.linkonce.armexidx.*)
 .ARM.exidx     0x0000654c        0x8 d:/siliconlabs/simplicitystudio/v4/developer/toolchains/gnu_arm/7.2_2017q4/bin/../lib/gcc/arm-none-eabi/7.2.1/../../../../arm-none-eabi/lib/thumb/v6-m/crt0.o
                0x00006554                __exidx_end = .
                0x00006554                __etext = .

.rel.dyn        0x00006554        0x0
 .rel.iplt      0x00006554        0x0 d:/siliconlabs/simplicitystudio/v4/developer/toolchains/gnu_arm/7.2_2017q4/bin/../lib/gcc/arm-none-eabi/7.2.1/thumb/v6-m/crtbegin.o

.data           0x20000000       0xa8 load address 0x00006554
                0x20000000                __data_start__ = .
 *(vtable)
 *(.data*)
 .data.auxHfrcoFreq
                0x20000000        0x4 ./emlib/em_cmu.o
 .data.I2C_MonitorObjs
                0x20000004       0x23 ./driver/ltc4151drv.o
                0x20000004                I2C_MonitorObjs
 *fill*         0x20000027        0x1 
 .data.SystemCoreClock
                0x20000028        0x4 ./CMSIS/EFM32TG11B/system_efm32tg11b.o
                0x20000028                SystemCoreClock
 .data.SystemHFXOClock
                0x2000002c        0x4 ./CMSIS/EFM32TG11B/system_efm32tg11b.o
 .data.SystemHfrcoFreq
                0x20000030        0x4 ./CMSIS/EFM32TG11B/system_efm32tg11b.o
                0x20000030                SystemHfrcoFreq
 .data.SystemLFXOClock
                0x20000034        0x4 ./CMSIS/EFM32TG11B/system_efm32tg11b.o
 .data.__fdlib_version
                0x20000038        0x1 d:/siliconlabs/simplicitystudio/v4/developer/toolchains/gnu_arm/7.2_2017q4/bin/../lib/gcc/arm-none-eabi/7.2.1/../../../../arm-none-eabi/lib/thumb/v6-m\libm.a(lib_a-s_lib_ver.o)
                0x20000038                __fdlib_version
 *fill*         0x20000039        0x3 
 .data._impure_ptr
                0x2000003c        0x4 d:/siliconlabs/simplicitystudio/v4/developer/toolchains/gnu_arm/7.2_2017q4/bin/../lib/gcc/arm-none-eabi/7.2.1/../../../../arm-none-eabi/lib/thumb/v6-m\libc_nano.a(lib_a-impure.o)
                0x2000003c                _impure_ptr
 .data.impure_data
                0x20000040       0x60 d:/siliconlabs/simplicitystudio/v4/developer/toolchains/gnu_arm/7.2_2017q4/bin/../lib/gcc/arm-none-eabi/7.2.1/../../../../arm-none-eabi/lib/thumb/v6-m\libc_nano.a(lib_a-impure.o)
                0x200000a0                . = ALIGN (0x4)
                [!provide]                PROVIDE (__ram_func_section_start, .)
 *(.ram)
                [!provide]                PROVIDE (__ram_func_section_end, .)
                0x200000a0                . = ALIGN (0x4)
                0x200000a0                PROVIDE (__preinit_array_start, .)
 *(.preinit_array)
                0x200000a0                PROVIDE (__preinit_array_end, .)
                0x200000a0                . = ALIGN (0x4)
                0x200000a0                PROVIDE (__init_array_start, .)
 *(SORT_BY_NAME(.init_array.*))
 *(.init_array)
 .init_array    0x200000a0        0x4 d:/siliconlabs/simplicitystudio/v4/developer/toolchains/gnu_arm/7.2_2017q4/bin/../lib/gcc/arm-none-eabi/7.2.1/thumb/v6-m/crtbegin.o
                0x200000a4                PROVIDE (__init_array_end, .)
                0x200000a4                . = ALIGN (0x4)
                [!provide]                PROVIDE (__fini_array_start, .)
 *(SORT_BY_NAME(.fini_array.*))
 *(.fini_array)
 .fini_array    0x200000a4        0x4 d:/siliconlabs/simplicitystudio/v4/developer/toolchains/gnu_arm/7.2_2017q4/bin/../lib/gcc/arm-none-eabi/7.2.1/thumb/v6-m/crtbegin.o
                [!provide]                PROVIDE (__fini_array_end, .)
 *(.jcr*)
                0x200000a8                . = ALIGN (0x4)
                0x200000a8                __data_end__ = .

.igot.plt       0x200000a8        0x0 load address 0x000065fc
 .igot.plt      0x200000a8        0x0 d:/siliconlabs/simplicitystudio/v4/developer/toolchains/gnu_arm/7.2_2017q4/bin/../lib/gcc/arm-none-eabi/7.2.1/thumb/v6-m/crtbegin.o

.bss            0x200000a8      0x1d0 load address 0x000065fc
                0x200000a8                . = ALIGN (0x4)
                0x200000a8                __bss_start__ = .
 *(.bss*)
 .bss           0x200000a8       0x1c d:/siliconlabs/simplicitystudio/v4/developer/toolchains/gnu_arm/7.2_2017q4/bin/../lib/gcc/arm-none-eabi/7.2.1/thumb/v6-m/crtbegin.o
 .bss.vScaleEM01Config
                0x200000c4        0x1 ./emlib/em_emu.o
 *fill*         0x200000c5        0x3 
 .bss.i2cTransfer
                0x200000c8       0x18 ./emlib/em_i2c.o
 .bss.recvMsg   0x200000e0       0x1c ./driver/candrv.o
                0x200000e0                recvMsg
 .bss.sendMsg   0x200000fc       0x1c ./driver/candrv.o
                0x200000fc                sendMsg
 .bss.pollTick.10247
                0x20000118        0x4 ./driver/mainctrl.o
 *(COMMON)
 COMMON         0x2000011c      0x159 ./src/main.o
                0x2000011c                ADConvertResult2
                0x20000124                g_ctrl_battery_status
                0x20000128                g_BatteryStatQueue
                0x200001bc                g_Ticks
                0x200001c0                ADConvertResult1
                0x200001c8                g_baltester_status
                0x200001cc                g_msgQueue
                0x2000025c                g_I2CTransferInfo
                0x2000026b                g_curMode
                0x2000026c                g_highpower_status
                0x20000270                g_timerout_Ticks
                0x20000274                g_supply_status
                0x20000278                . = ALIGN (0x4)
 *fill*         0x20000275        0x3 
                0x20000278                __bss_end__ = .

.heap           0x20000278      0xc00
                0x20000278                __HeapBase = .
                0x20000278                __end__ = .
                0x20000278                end = __end__
                0x20000278                _end = __end__
 *(.heap*)
 .heap          0x20000278      0xc00 ./CMSIS/EFM32TG11B/startup_efm32tg11b.o
                0x20000e78                __HeapLimit = .

.stack_dummy    0x20000278      0x400
 *(.stack*)
 .stack         0x20000278      0x400 ./CMSIS/EFM32TG11B/startup_efm32tg11b.o
                0x20008000                __StackTop = (ORIGIN (RAM) + LENGTH (RAM))
                0x20007c00                __StackLimit = (__StackTop - SIZEOF (.stack_dummy))
                0x20008000                PROVIDE (__stack, __StackTop)
                0x00000001                ASSERT ((__StackLimit >= __HeapLimit), region RAM overflowed with stack)
                0x00000001                ASSERT ((LENGTH (FLASH) >= (__etext + SIZEOF (.data))), FLASH memory overflowed !)
OUTPUT(safebattery01.axf elf32-littlearm)

.ARM.attributes
                0x00000000       0x28
 .ARM.attributes
                0x00000000       0x1e d:/siliconlabs/simplicitystudio/v4/developer/toolchains/gnu_arm/7.2_2017q4/bin/../lib/gcc/arm-none-eabi/7.2.1/thumb/v6-m/crti.o
 .ARM.attributes
                0x0000001e       0x2c d:/siliconlabs/simplicitystudio/v4/developer/toolchains/gnu_arm/7.2_2017q4/bin/../lib/gcc/arm-none-eabi/7.2.1/thumb/v6-m/crtbegin.o
 .ARM.attributes
                0x0000004a       0x1b d:/siliconlabs/simplicitystudio/v4/developer/toolchains/gnu_arm/7.2_2017q4/bin/../lib/gcc/arm-none-eabi/7.2.1/../../../../arm-none-eabi/lib/thumb/v6-m/crt0.o
 .ARM.attributes
                0x00000065       0x32 ./src/main.o
 .ARM.attributes
                0x00000097       0x32 ./emlib/em_adc.o
 .ARM.attributes
                0x000000c9       0x32 ./emlib/em_can.o
 .ARM.attributes
                0x000000fb       0x32 ./emlib/em_cmu.o
 .ARM.attributes
                0x0000012d       0x32 ./emlib/em_core.o
 .ARM.attributes
                0x0000015f       0x32 ./emlib/em_emu.o
 .ARM.attributes
                0x00000191       0x32 ./emlib/em_gpio.o
 .ARM.attributes
                0x000001c3       0x32 ./emlib/em_i2c.o
 .ARM.attributes
                0x000001f5       0x32 ./emlib/em_timer.o
 .ARM.attributes
                0x00000227       0x32 ./driver/adcdrv.o
 .ARM.attributes
                0x00000259       0x32 ./driver/candrv.o
 .ARM.attributes
                0x0000028b       0x32 ./driver/crc.o
 .ARM.attributes
                0x000002bd       0x32 ./driver/i2cdrv.o
 .ARM.attributes
                0x000002ef       0x32 ./driver/ltc4151drv.o
 .ARM.attributes
                0x00000321       0x32 ./driver/mainctrl.o
 .ARM.attributes
                0x00000353       0x32 ./driver/timer.o
 .ARM.attributes
                0x00000385       0x1b ./CMSIS/EFM32TG11B/startup_efm32tg11b.o
 .ARM.attributes
                0x000003a0       0x32 ./CMSIS/EFM32TG11B/system_efm32tg11b.o
 .ARM.attributes
                0x000003d2       0x2c d:/siliconlabs/simplicitystudio/v4/developer/toolchains/gnu_arm/7.2_2017q4/bin/../lib/gcc/arm-none-eabi/7.2.1/../../../../arm-none-eabi/lib/thumb/v6-m\libm.a(lib_a-w_log.o)
 .ARM.attributes
                0x000003fe       0x2c d:/siliconlabs/simplicitystudio/v4/developer/toolchains/gnu_arm/7.2_2017q4/bin/../lib/gcc/arm-none-eabi/7.2.1/../../../../arm-none-eabi/lib/thumb/v6-m\libm.a(lib_a-e_log.o)
 .ARM.attributes
                0x0000042a       0x2c d:/siliconlabs/simplicitystudio/v4/developer/toolchains/gnu_arm/7.2_2017q4/bin/../lib/gcc/arm-none-eabi/7.2.1/../../../../arm-none-eabi/lib/thumb/v6-m\libm.a(lib_a-s_lib_ver.o)
 .ARM.attributes
                0x00000456       0x2c d:/siliconlabs/simplicitystudio/v4/developer/toolchains/gnu_arm/7.2_2017q4/bin/../lib/gcc/arm-none-eabi/7.2.1/../../../../arm-none-eabi/lib/thumb/v6-m\libm.a(lib_a-s_matherr.o)
 .ARM.attributes
                0x00000482       0x2c d:/siliconlabs/simplicitystudio/v4/developer/toolchains/gnu_arm/7.2_2017q4/bin/../lib/gcc/arm-none-eabi/7.2.1/../../../../arm-none-eabi/lib/thumb/v6-m\libm.a(lib_a-s_nan.o)
 .ARM.attributes
                0x000004ae       0x1e d:/siliconlabs/simplicitystudio/v4/developer/toolchains/gnu_arm/7.2_2017q4/bin/../lib/gcc/arm-none-eabi/7.2.1/thumb/v6-m\libgcc.a(_udivsi3.o)
 .ARM.attributes
                0x000004cc       0x1e d:/siliconlabs/simplicitystudio/v4/developer/toolchains/gnu_arm/7.2_2017q4/bin/../lib/gcc/arm-none-eabi/7.2.1/thumb/v6-m\libgcc.a(_dvmd_tls.o)
 .ARM.attributes
                0x000004ea       0x1e d:/siliconlabs/simplicitystudio/v4/developer/toolchains/gnu_arm/7.2_2017q4/bin/../lib/gcc/arm-none-eabi/7.2.1/thumb/v6-m\libgcc.a(_arm_cmpdf2.o)
 .ARM.attributes
                0x00000508       0x1e d:/siliconlabs/simplicitystudio/v4/developer/toolchains/gnu_arm/7.2_2017q4/bin/../lib/gcc/arm-none-eabi/7.2.1/thumb/v6-m\libgcc.a(_arm_cmpsf2.o)
 .ARM.attributes
                0x00000526       0x1e d:/siliconlabs/simplicitystudio/v4/developer/toolchains/gnu_arm/7.2_2017q4/bin/../lib/gcc/arm-none-eabi/7.2.1/thumb/v6-m\libgcc.a(_clzsi2.o)
 .ARM.attributes
                0x00000544       0x2c d:/siliconlabs/simplicitystudio/v4/developer/toolchains/gnu_arm/7.2_2017q4/bin/../lib/gcc/arm-none-eabi/7.2.1/thumb/v6-m\libgcc.a(addsf3.o)
 .ARM.attributes
                0x00000570       0x2c d:/siliconlabs/simplicitystudio/v4/developer/toolchains/gnu_arm/7.2_2017q4/bin/../lib/gcc/arm-none-eabi/7.2.1/thumb/v6-m\libgcc.a(divsf3.o)
 .ARM.attributes
                0x0000059c       0x2c d:/siliconlabs/simplicitystudio/v4/developer/toolchains/gnu_arm/7.2_2017q4/bin/../lib/gcc/arm-none-eabi/7.2.1/thumb/v6-m\libgcc.a(eqsf2.o)
 .ARM.attributes
                0x000005c8       0x2c d:/siliconlabs/simplicitystudio/v4/developer/toolchains/gnu_arm/7.2_2017q4/bin/../lib/gcc/arm-none-eabi/7.2.1/thumb/v6-m\libgcc.a(gesf2.o)
 .ARM.attributes
                0x000005f4       0x2c d:/siliconlabs/simplicitystudio/v4/developer/toolchains/gnu_arm/7.2_2017q4/bin/../lib/gcc/arm-none-eabi/7.2.1/thumb/v6-m\libgcc.a(lesf2.o)
 .ARM.attributes
                0x00000620       0x2c d:/siliconlabs/simplicitystudio/v4/developer/toolchains/gnu_arm/7.2_2017q4/bin/../lib/gcc/arm-none-eabi/7.2.1/thumb/v6-m\libgcc.a(mulsf3.o)
 .ARM.attributes
                0x0000064c       0x2c d:/siliconlabs/simplicitystudio/v4/developer/toolchains/gnu_arm/7.2_2017q4/bin/../lib/gcc/arm-none-eabi/7.2.1/thumb/v6-m\libgcc.a(subsf3.o)
 .ARM.attributes
                0x00000678       0x2c d:/siliconlabs/simplicitystudio/v4/developer/toolchains/gnu_arm/7.2_2017q4/bin/../lib/gcc/arm-none-eabi/7.2.1/thumb/v6-m\libgcc.a(fixsfsi.o)
 .ARM.attributes
                0x000006a4       0x2c d:/siliconlabs/simplicitystudio/v4/developer/toolchains/gnu_arm/7.2_2017q4/bin/../lib/gcc/arm-none-eabi/7.2.1/thumb/v6-m\libgcc.a(floatsisf.o)
 .ARM.attributes
                0x000006d0       0x2c d:/siliconlabs/simplicitystudio/v4/developer/toolchains/gnu_arm/7.2_2017q4/bin/../lib/gcc/arm-none-eabi/7.2.1/thumb/v6-m\libgcc.a(adddf3.o)
 .ARM.attributes
                0x000006fc       0x2c d:/siliconlabs/simplicitystudio/v4/developer/toolchains/gnu_arm/7.2_2017q4/bin/../lib/gcc/arm-none-eabi/7.2.1/thumb/v6-m\libgcc.a(divdf3.o)
 .ARM.attributes
                0x00000728       0x2c d:/siliconlabs/simplicitystudio/v4/developer/toolchains/gnu_arm/7.2_2017q4/bin/../lib/gcc/arm-none-eabi/7.2.1/thumb/v6-m\libgcc.a(eqdf2.o)
 .ARM.attributes
                0x00000754       0x2c d:/siliconlabs/simplicitystudio/v4/developer/toolchains/gnu_arm/7.2_2017q4/bin/../lib/gcc/arm-none-eabi/7.2.1/thumb/v6-m\libgcc.a(gedf2.o)
 .ARM.attributes
                0x00000780       0x2c d:/siliconlabs/simplicitystudio/v4/developer/toolchains/gnu_arm/7.2_2017q4/bin/../lib/gcc/arm-none-eabi/7.2.1/thumb/v6-m\libgcc.a(ledf2.o)
 .ARM.attributes
                0x000007ac       0x2c d:/siliconlabs/simplicitystudio/v4/developer/toolchains/gnu_arm/7.2_2017q4/bin/../lib/gcc/arm-none-eabi/7.2.1/thumb/v6-m\libgcc.a(muldf3.o)
 .ARM.attributes
                0x000007d8       0x2c d:/siliconlabs/simplicitystudio/v4/developer/toolchains/gnu_arm/7.2_2017q4/bin/../lib/gcc/arm-none-eabi/7.2.1/thumb/v6-m\libgcc.a(subdf3.o)
 .ARM.attributes
                0x00000804       0x2c d:/siliconlabs/simplicitystudio/v4/developer/toolchains/gnu_arm/7.2_2017q4/bin/../lib/gcc/arm-none-eabi/7.2.1/thumb/v6-m\libgcc.a(unorddf2.o)
 .ARM.attributes
                0x00000830       0x2c d:/siliconlabs/simplicitystudio/v4/developer/toolchains/gnu_arm/7.2_2017q4/bin/../lib/gcc/arm-none-eabi/7.2.1/thumb/v6-m\libgcc.a(floatsidf.o)
 .ARM.attributes
                0x0000085c       0x2c d:/siliconlabs/simplicitystudio/v4/developer/toolchains/gnu_arm/7.2_2017q4/bin/../lib/gcc/arm-none-eabi/7.2.1/thumb/v6-m\libgcc.a(extendsfdf2.o)
 .ARM.attributes
                0x00000888       0x2c d:/siliconlabs/simplicitystudio/v4/developer/toolchains/gnu_arm/7.2_2017q4/bin/../lib/gcc/arm-none-eabi/7.2.1/thumb/v6-m\libgcc.a(truncdfsf2.o)
 .ARM.attributes
                0x000008b4       0x2c d:/siliconlabs/simplicitystudio/v4/developer/toolchains/gnu_arm/7.2_2017q4/bin/../lib/gcc/arm-none-eabi/7.2.1/../../../../arm-none-eabi/lib/thumb/v6-m\libc_nano.a(lib_a-errno.o)
 .ARM.attributes
                0x000008e0       0x2c d:/siliconlabs/simplicitystudio/v4/developer/toolchains/gnu_arm/7.2_2017q4/bin/../lib/gcc/arm-none-eabi/7.2.1/../../../../arm-none-eabi/lib/thumb/v6-m\libc_nano.a(lib_a-exit.o)
 .ARM.attributes
                0x0000090c       0x2c d:/siliconlabs/simplicitystudio/v4/developer/toolchains/gnu_arm/7.2_2017q4/bin/../lib/gcc/arm-none-eabi/7.2.1/../../../../arm-none-eabi/lib/thumb/v6-m\libc_nano.a(lib_a-impure.o)
 .ARM.attributes
                0x00000938       0x2c d:/siliconlabs/simplicitystudio/v4/developer/toolchains/gnu_arm/7.2_2017q4/bin/../lib/gcc/arm-none-eabi/7.2.1/../../../../arm-none-eabi/lib/thumb/v6-m\libc_nano.a(lib_a-init.o)
 .ARM.attributes
                0x00000964       0x2c d:/siliconlabs/simplicitystudio/v4/developer/toolchains/gnu_arm/7.2_2017q4/bin/../lib/gcc/arm-none-eabi/7.2.1/../../../../arm-none-eabi/lib/thumb/v6-m\libc_nano.a(lib_a-memcpy-stub.o)
 .ARM.attributes
                0x00000990       0x2c d:/siliconlabs/simplicitystudio/v4/developer/toolchains/gnu_arm/7.2_2017q4/bin/../lib/gcc/arm-none-eabi/7.2.1/../../../../arm-none-eabi/lib/thumb/v6-m\libc_nano.a(lib_a-memset.o)
 .ARM.attributes
                0x000009bc       0x2c d:/siliconlabs/simplicitystudio/v4/developer/toolchains/gnu_arm/7.2_2017q4/bin/../lib/gcc/arm-none-eabi/7.2.1/../../../../arm-none-eabi/lib/thumb/v6-m\libnosys.a(_exit.o)
 .ARM.attributes
                0x000009e8       0x2c d:/siliconlabs/simplicitystudio/v4/developer/toolchains/gnu_arm/7.2_2017q4/bin/../lib/gcc/arm-none-eabi/7.2.1/thumb/v6-m/crtend.o
 .ARM.attributes
                0x00000a14       0x1e d:/siliconlabs/simplicitystudio/v4/developer/toolchains/gnu_arm/7.2_2017q4/bin/../lib/gcc/arm-none-eabi/7.2.1/thumb/v6-m/crtn.o

.comment        0x00000000       0x7e
 .comment       0x00000000       0x7e ./src/main.o
                                 0x7f (size before relaxing)
 .comment       0x0000007e       0x7f ./emlib/em_adc.o
 .comment       0x0000007e       0x7f ./emlib/em_can.o
 .comment       0x0000007e       0x7f ./emlib/em_cmu.o
 .comment       0x0000007e       0x7f ./emlib/em_core.o
 .comment       0x0000007e       0x7f ./emlib/em_emu.o
 .comment       0x0000007e       0x7f ./emlib/em_gpio.o
 .comment       0x0000007e       0x7f ./emlib/em_i2c.o
 .comment       0x0000007e       0x7f ./emlib/em_timer.o
 .comment       0x0000007e       0x7f ./driver/adcdrv.o
 .comment       0x0000007e       0x7f ./driver/candrv.o
 .comment       0x0000007e       0x7f ./driver/crc.o
 .comment       0x0000007e       0x7f ./driver/i2cdrv.o
 .comment       0x0000007e       0x7f ./driver/ltc4151drv.o
 .comment       0x0000007e       0x7f ./driver/mainctrl.o
 .comment       0x0000007e       0x7f ./driver/timer.o
 .comment       0x0000007e       0x7f ./CMSIS/EFM32TG11B/system_efm32tg11b.o

.debug_info     0x00000000    0x1cc71
 .debug_info    0x00000000     0x1221 ./src/main.o
 .debug_info    0x00001221     0x276d ./emlib/em_adc.o
 .debug_info    0x0000398e     0x1d62 ./emlib/em_can.o
 .debug_info    0x000056f0     0x3c84 ./emlib/em_cmu.o
 .debug_info    0x00009374     0x14f5 ./emlib/em_core.o
 .debug_info    0x0000a869     0x38c1 ./emlib/em_emu.o
 .debug_info    0x0000e12a     0x1870 ./emlib/em_gpio.o
 .debug_info    0x0000f99a     0x166f ./emlib/em_i2c.o
 .debug_info    0x00011009     0x12df ./emlib/em_timer.o
 .debug_info    0x000122e8     0x1b96 ./driver/adcdrv.o
 .debug_info    0x00013e7e     0x2ae3 ./driver/candrv.o
 .debug_info    0x00016961       0xd3 ./driver/crc.o
 .debug_info    0x00016a34     0x1204 ./driver/i2cdrv.o
 .debug_info    0x00017c38      0xee5 ./driver/ltc4151drv.o
 .debug_info    0x00018b1d     0x1a1f ./driver/mainctrl.o
 .debug_info    0x0001a53c     0x15da ./driver/timer.o
 .debug_info    0x0001bb16       0x26 ./CMSIS/EFM32TG11B/startup_efm32tg11b.o
 .debug_info    0x0001bb3c     0x1135 ./CMSIS/EFM32TG11B/system_efm32tg11b.o

.debug_abbrev   0x00000000     0x37f5
 .debug_abbrev  0x00000000      0x23b ./src/main.o
 .debug_abbrev  0x0000023b      0x423 ./emlib/em_adc.o
 .debug_abbrev  0x0000065e      0x48c ./emlib/em_can.o
 .debug_abbrev  0x00000aea      0x4dc ./emlib/em_cmu.o
 .debug_abbrev  0x00000fc6      0x355 ./emlib/em_core.o
 .debug_abbrev  0x0000131b      0x547 ./emlib/em_emu.o
 .debug_abbrev  0x00001862      0x379 ./emlib/em_gpio.o
 .debug_abbrev  0x00001bdb      0x40c ./emlib/em_i2c.o
 .debug_abbrev  0x00001fe7      0x2dc ./emlib/em_timer.o
 .debug_abbrev  0x000022c3      0x2dc ./driver/adcdrv.o
 .debug_abbrev  0x0000259f      0x45e ./driver/candrv.o
 .debug_abbrev  0x000029fd       0xba ./driver/crc.o
 .debug_abbrev  0x00002ab7      0x275 ./driver/i2cdrv.o
 .debug_abbrev  0x00002d2c      0x218 ./driver/ltc4151drv.o
 .debug_abbrev  0x00002f44      0x31a ./driver/mainctrl.o
 .debug_abbrev  0x0000325e      0x2fa ./driver/timer.o
 .debug_abbrev  0x00003558       0x14 ./CMSIS/EFM32TG11B/startup_efm32tg11b.o
 .debug_abbrev  0x0000356c      0x289 ./CMSIS/EFM32TG11B/system_efm32tg11b.o

.debug_loc      0x00000000     0x99d3
 .debug_loc     0x00000000       0x20 ./src/main.o
 .debug_loc     0x00000020      0xb5a ./emlib/em_adc.o
 .debug_loc     0x00000b7a     0x125c ./emlib/em_can.o
 .debug_loc     0x00001dd6     0x2cb3 ./emlib/em_cmu.o
 .debug_loc     0x00004a89      0x526 ./emlib/em_core.o
 .debug_loc     0x00004faf     0x1d9c ./emlib/em_emu.o
 .debug_loc     0x00006d4b      0xac4 ./emlib/em_gpio.o
 .debug_loc     0x0000780f      0x943 ./emlib/em_i2c.o
 .debug_loc     0x00008152      0x21b ./emlib/em_timer.o
 .debug_loc     0x0000836d       0xfb ./driver/adcdrv.o
 .debug_loc     0x00008468      0xcd5 ./driver/candrv.o
 .debug_loc     0x0000913d       0xb7 ./driver/crc.o
 .debug_loc     0x000091f4      0x15e ./driver/i2cdrv.o
 .debug_loc     0x00009352      0x19c ./driver/ltc4151drv.o
 .debug_loc     0x000094ee      0x278 ./driver/mainctrl.o
 .debug_loc     0x00009766      0x112 ./driver/timer.o
 .debug_loc     0x00009878      0x15b ./CMSIS/EFM32TG11B/system_efm32tg11b.o

.debug_aranges  0x00000000      0x840
 .debug_aranges
                0x00000000       0x20 ./src/main.o
 .debug_aranges
                0x00000020       0x70 ./emlib/em_adc.o
 .debug_aranges
                0x00000090       0x90 ./emlib/em_can.o
 .debug_aranges
                0x00000120      0x168 ./emlib/em_cmu.o
 .debug_aranges
                0x00000288       0xe0 ./emlib/em_core.o
 .debug_aranges
                0x00000368      0x1a0 ./emlib/em_emu.o
 .debug_aranges
                0x00000508       0x48 ./emlib/em_gpio.o
 .debug_aranges
                0x00000550       0x58 ./emlib/em_i2c.o
 .debug_aranges
                0x000005a8       0x38 ./emlib/em_timer.o
 .debug_aranges
                0x000005e0       0x28 ./driver/adcdrv.o
 .debug_aranges
                0x00000608       0xb0 ./driver/candrv.o
 .debug_aranges
                0x000006b8       0x20 ./driver/crc.o
 .debug_aranges
                0x000006d8       0x30 ./driver/i2cdrv.o
 .debug_aranges
                0x00000708       0x28 ./driver/ltc4151drv.o
 .debug_aranges
                0x00000730       0x50 ./driver/mainctrl.o
 .debug_aranges
                0x00000780       0x38 ./driver/timer.o
 .debug_aranges
                0x000007b8       0x20 ./CMSIS/EFM32TG11B/startup_efm32tg11b.o
 .debug_aranges
                0x000007d8       0x68 ./CMSIS/EFM32TG11B/system_efm32tg11b.o

.debug_ranges   0x00000000      0x788
 .debug_ranges  0x00000000       0x10 ./src/main.o
 .debug_ranges  0x00000010       0x60 ./emlib/em_adc.o
 .debug_ranges  0x00000070       0x80 ./emlib/em_can.o
 .debug_ranges  0x000000f0      0x158 ./emlib/em_cmu.o
 .debug_ranges  0x00000248      0x100 ./emlib/em_core.o
 .debug_ranges  0x00000348      0x1c0 ./emlib/em_emu.o
 .debug_ranges  0x00000508       0x38 ./emlib/em_gpio.o
 .debug_ranges  0x00000540       0x48 ./emlib/em_i2c.o
 .debug_ranges  0x00000588       0x40 ./emlib/em_timer.o
 .debug_ranges  0x000005c8       0x18 ./driver/adcdrv.o
 .debug_ranges  0x000005e0       0xa0 ./driver/candrv.o
 .debug_ranges  0x00000680       0x10 ./driver/crc.o
 .debug_ranges  0x00000690       0x20 ./driver/i2cdrv.o
 .debug_ranges  0x000006b0       0x18 ./driver/ltc4151drv.o
 .debug_ranges  0x000006c8       0x40 ./driver/mainctrl.o
 .debug_ranges  0x00000708       0x28 ./driver/timer.o
 .debug_ranges  0x00000730       0x58 ./CMSIS/EFM32TG11B/system_efm32tg11b.o

.debug_macro    0x00000000    0x32dd7
 .debug_macro   0x00000000      0x439 ./src/main.o
 .debug_macro   0x00000439      0xa36 ./src/main.o
 .debug_macro   0x00000e6f       0x22 ./src/main.o
 .debug_macro   0x00000e91       0x52 ./src/main.o
 .debug_macro   0x00000ee3       0x17 ./src/main.o
 .debug_macro   0x00000efa       0x55 ./src/main.o
 .debug_macro   0x00000f4f       0x35 ./src/main.o
 .debug_macro   0x00000f84       0x9c ./src/main.o
 .debug_macro   0x00001020       0x16 ./src/main.o
 .debug_macro   0x00001036       0x57 ./src/main.o
 .debug_macro   0x0000108d       0x97 ./src/main.o
 .debug_macro   0x00001124      0x353 ./src/main.o
 .debug_macro   0x00001477       0xf6 ./src/main.o
 .debug_macro   0x0000156d       0x10 ./src/main.o
 .debug_macro   0x0000157d       0x58 ./src/main.o
 .debug_macro   0x000015d5       0x1f ./src/main.o
 .debug_macro   0x000015f4       0x43 ./src/main.o
 .debug_macro   0x00001637       0x20 ./src/main.o
 .debug_macro   0x00001657      0x18e ./src/main.o
 .debug_macro   0x000017e5       0x10 ./src/main.o
 .debug_macro   0x000017f5       0x6a ./src/main.o
 .debug_macro   0x0000185f       0xb6 ./src/main.o
 .debug_macro   0x00001915       0x16 ./src/main.o
 .debug_macro   0x0000192b      0x129 ./src/main.o
 .debug_macro   0x00001a54       0xde ./src/main.o
 .debug_macro   0x00001b32      0x407 ./src/main.o
 .debug_macro   0x00001f39       0x12 ./src/main.o
 .debug_macro   0x00001f4b       0xef ./src/main.o
 .debug_macro   0x0000203a      0x1df ./src/main.o
 .debug_macro   0x00002219       0x1c ./src/main.o
 .debug_macro   0x00002235       0x22 ./src/main.o
 .debug_macro   0x00002257       0xaf ./src/main.o
 .debug_macro   0x00002306       0x12 ./src/main.o
 .debug_macro   0x00002318       0x16 ./src/main.o
 .debug_macro   0x0000232e       0x35 ./src/main.o
 .debug_macro   0x00002363       0xe4 ./src/main.o
 .debug_macro   0x00002447      0x4a9 ./src/main.o
 .debug_macro   0x000028f0       0xe2 ./src/main.o
 .debug_macro   0x000029d2      0xd00 ./src/main.o
 .debug_macro   0x000036d2     0x24d3 ./src/main.o
 .debug_macro   0x00005ba5      0x34d ./src/main.o
 .debug_macro   0x00005ef2     0x1b59 ./src/main.o
 .debug_macro   0x00007a4b     0x2de4 ./src/main.o
 .debug_macro   0x0000a82f     0x2236 ./src/main.o
 .debug_macro   0x0000ca65     0x1376 ./src/main.o
 .debug_macro   0x0000dddb      0xde6 ./src/main.o
 .debug_macro   0x0000ebc1      0x29e ./src/main.o
 .debug_macro   0x0000ee5f      0xda9 ./src/main.o
 .debug_macro   0x0000fc08     0x1cf9 ./src/main.o
 .debug_macro   0x00011901     0x28b9 ./src/main.o
 .debug_macro   0x000141ba     0x105c ./src/main.o
 .debug_macro   0x00015216      0xa7f ./src/main.o
 .debug_macro   0x00015c95      0x249 ./src/main.o
 .debug_macro   0x00015ede      0xcfb ./src/main.o
 .debug_macro   0x00016bd9     0x1366 ./src/main.o
 .debug_macro   0x00017f3f     0x3c48 ./src/main.o
 .debug_macro   0x0001bb87     0x22ad ./src/main.o
 .debug_macro   0x0001de34     0x28be ./src/main.o
 .debug_macro   0x000206f2     0x16c9 ./src/main.o
 .debug_macro   0x00021dbb      0xfbe ./src/main.o
 .debug_macro   0x00022d79      0x68c ./src/main.o
 .debug_macro   0x00023405      0x500 ./src/main.o
 .debug_macro   0x00023905      0x166 ./src/main.o
 .debug_macro   0x00023a6b     0x1ef1 ./src/main.o
 .debug_macro   0x0002595c       0x40 ./src/main.o
 .debug_macro   0x0002599c      0x28f ./src/main.o
 .debug_macro   0x00025c2b      0x2f6 ./src/main.o
 .debug_macro   0x00025f21      0x166 ./src/main.o
 .debug_macro   0x00026087     0x1d23 ./src/main.o
 .debug_macro   0x00027daa     0x2891 ./src/main.o
 .debug_macro   0x0002a63b     0x3b06 ./src/main.o
 .debug_macro   0x0002e141      0x2fd ./src/main.o
 .debug_macro   0x0002e43e      0x2fd ./src/main.o
 .debug_macro   0x0002e73b       0x22 ./src/main.o
 .debug_macro   0x0002e75d       0x10 ./src/main.o
 .debug_macro   0x0002e76d       0xe4 ./src/main.o
 .debug_macro   0x0002e851       0x69 ./src/main.o
 .debug_macro   0x0002e8ba      0x33e ./src/main.o
 .debug_macro   0x0002ebf8       0x87 ./src/main.o
 .debug_macro   0x0002ec7f       0x57 ./src/main.o
 .debug_macro   0x0002ecd6       0x10 ./src/main.o
 .debug_macro   0x0002ece6       0x11 ./src/main.o
 .debug_macro   0x0002ecf7       0xbe ./src/main.o
 .debug_macro   0x0002edb5       0x10 ./src/main.o
 .debug_macro   0x0002edc5      0x403 ./emlib/em_adc.o
 .debug_macro   0x0002f1c8       0x51 ./emlib/em_adc.o
 .debug_macro   0x0002f219       0xea ./emlib/em_adc.o
 .debug_macro   0x0002f303      0x3a5 ./emlib/em_can.o
 .debug_macro   0x0002f6a8       0x63 ./emlib/em_can.o
 .debug_macro   0x0002f70b      0x42f ./emlib/em_cmu.o
 .debug_macro   0x0002fb3a       0x2b ./emlib/em_cmu.o
 .debug_macro   0x0002fb65       0xee ./emlib/em_cmu.o
 .debug_macro   0x0002fc53      0x377 ./emlib/em_core.o
 .debug_macro   0x0002ffca       0xba ./emlib/em_core.o
 .debug_macro   0x00030084      0x436 ./emlib/em_emu.o
 .debug_macro   0x000304ba       0x25 ./emlib/em_emu.o
 .debug_macro   0x000304df       0x81 ./emlib/em_emu.o
 .debug_macro   0x00030560      0x35e ./emlib/em_gpio.o
 .debug_macro   0x000308be      0x3c0 ./emlib/em_i2c.o
 .debug_macro   0x00030c7e       0x3f ./emlib/em_i2c.o
 .debug_macro   0x00030cbd      0x34c ./emlib/em_timer.o
 .debug_macro   0x00031009       0x79 ./emlib/em_timer.o
 .debug_macro   0x00031082      0x3ee ./driver/adcdrv.o
 .debug_macro   0x00031470      0x42d ./driver/candrv.o
 .debug_macro   0x0003189d       0xc4 ./driver/candrv.o
 .debug_macro   0x00031961       0x11 ./driver/crc.o
 .debug_macro   0x00031972      0x411 ./driver/i2cdrv.o
 .debug_macro   0x00031d83       0x45 ./driver/i2cdrv.o
 .debug_macro   0x00031dc8      0x3b7 ./driver/ltc4151drv.o
 .debug_macro   0x0003217f       0x1c ./driver/ltc4151drv.o
 .debug_macro   0x0003219b      0x44d ./driver/mainctrl.o
 .debug_macro   0x000325e8      0x425 ./driver/timer.o
 .debug_macro   0x00032a0d       0x7f ./driver/timer.o
 .debug_macro   0x00032a8c      0x34b ./CMSIS/EFM32TG11B/system_efm32tg11b.o

.debug_line     0x00000000     0xc07d
 .debug_line    0x00000000      0xa44 ./src/main.o
 .debug_line    0x00000a44      0xb4f ./emlib/em_adc.o
 .debug_line    0x00001593      0xc2f ./emlib/em_can.o
 .debug_line    0x000021c2     0x1449 ./emlib/em_cmu.o
 .debug_line    0x0000360b      0xba2 ./emlib/em_core.o
 .debug_line    0x000041ad     0x12f5 ./emlib/em_emu.o
 .debug_line    0x000054a2      0xa1d ./emlib/em_gpio.o
 .debug_line    0x00005ebf      0xbf2 ./emlib/em_i2c.o
 .debug_line    0x00006ab1      0xad5 ./emlib/em_timer.o
 .debug_line    0x00007586      0xa1b ./driver/adcdrv.o
 .debug_line    0x00007fa1      0xcd4 ./driver/candrv.o
 .debug_line    0x00008c75       0x5b ./driver/crc.o
 .debug_line    0x00008cd0      0xa5c ./driver/i2cdrv.o
 .debug_line    0x0000972c      0x9a6 ./driver/ltc4151drv.o
 .debug_line    0x0000a0d2      0xb2b ./driver/mainctrl.o
 .debug_line    0x0000abfd      0xa6a ./driver/timer.o
 .debug_line    0x0000b667       0xdb ./CMSIS/EFM32TG11B/startup_efm32tg11b.o
 .debug_line    0x0000b742      0x93b ./CMSIS/EFM32TG11B/system_efm32tg11b.o

.debug_str      0x00000000   0x13b4a0
 .debug_str     0x00000000   0x133187 ./src/main.o
                             0x13443d (size before relaxing)
 .debug_str     0x00133187     0x2e89 ./emlib/em_adc.o
                             0x135ddd (size before relaxing)
 .debug_str     0x00136010      0x3ce ./emlib/em_can.o
                             0x13328e (size before relaxing)
 .debug_str     0x001363de     0x15f6 ./emlib/em_cmu.o
                             0x134d0d (size before relaxing)
 .debug_str     0x001379d4      0xb65 ./emlib/em_core.o
                             0x1320cd (size before relaxing)
 .debug_str     0x00138539     0x13d1 ./emlib/em_emu.o
                             0x135352 (size before relaxing)
 .debug_str     0x0013990a      0x2cd ./emlib/em_gpio.o
                             0x132111 (size before relaxing)
 .debug_str     0x00139bd7      0x526 ./emlib/em_i2c.o
                             0x13366e (size before relaxing)
 .debug_str     0x0013a0fd      0xa85 ./emlib/em_timer.o
                             0x131d5e (size before relaxing)
 .debug_str     0x0013ab82       0xaf ./driver/adcdrv.o
                             0x135a4e (size before relaxing)
 .debug_str     0x0013ac31      0x285 ./driver/candrv.o
                             0x134f39 (size before relaxing)
 .debug_str     0x0013aeb6       0x23 ./driver/crc.o
                               0x2cb2 (size before relaxing)
 .debug_str     0x0013aed9       0x75 ./driver/i2cdrv.o
                             0x133eea (size before relaxing)
 .debug_str     0x0013af4e       0x57 ./driver/ltc4151drv.o
                             0x131df4 (size before relaxing)
 .debug_str     0x0013afa5      0x263 ./driver/mainctrl.o
                             0x1355ef (size before relaxing)
 .debug_str     0x0013b208       0xba ./driver/timer.o
                             0x13449d (size before relaxing)
 .debug_str     0x0013b2c2       0x9d ./CMSIS/EFM32TG11B/startup_efm32tg11b.o
                                 0xf2 (size before relaxing)
 .debug_str     0x0013b35f      0x141 ./CMSIS/EFM32TG11B/system_efm32tg11b.o
                             0x1316c5 (size before relaxing)

.debug_frame    0x00000000     0x19d4
 .debug_frame   0x00000000       0x28 ./src/main.o
 .debug_frame   0x00000028      0x120 ./emlib/em_adc.o
 .debug_frame   0x00000148      0x1dc ./emlib/em_can.o
 .debug_frame   0x00000324      0x3b0 ./emlib/em_cmu.o
 .debug_frame   0x000006d4      0x1f8 ./emlib/em_core.o
 .debug_frame   0x000008cc      0x464 ./emlib/em_emu.o
 .debug_frame   0x00000d30       0x9c ./emlib/em_gpio.o
 .debug_frame   0x00000dcc       0xd0 ./emlib/em_i2c.o
 .debug_frame   0x00000e9c       0x68 ./emlib/em_timer.o
 .debug_frame   0x00000f04       0x50 ./driver/adcdrv.o
 .debug_frame   0x00000f54      0x20c ./driver/candrv.o
 .debug_frame   0x00001160       0x2c ./driver/crc.o
 .debug_frame   0x0000118c       0x64 ./driver/i2cdrv.o
 .debug_frame   0x000011f0       0x48 ./driver/ltc4151drv.o
 .debug_frame   0x00001238       0xbc ./driver/mainctrl.o
 .debug_frame   0x000012f4       0x60 ./driver/timer.o
 .debug_frame   0x00001354       0xd0 ./CMSIS/EFM32TG11B/system_efm32tg11b.o
 .debug_frame   0x00001424       0x38 d:/siliconlabs/simplicitystudio/v4/developer/toolchains/gnu_arm/7.2_2017q4/bin/../lib/gcc/arm-none-eabi/7.2.1/../../../../arm-none-eabi/lib/thumb/v6-m\libm.a(lib_a-w_log.o)
 .debug_frame   0x0000145c       0x3c d:/siliconlabs/simplicitystudio/v4/developer/toolchains/gnu_arm/7.2_2017q4/bin/../lib/gcc/arm-none-eabi/7.2.1/../../../../arm-none-eabi/lib/thumb/v6-m\libm.a(lib_a-e_log.o)
 .debug_frame   0x00001498       0x20 d:/siliconlabs/simplicitystudio/v4/developer/toolchains/gnu_arm/7.2_2017q4/bin/../lib/gcc/arm-none-eabi/7.2.1/../../../../arm-none-eabi/lib/thumb/v6-m\libm.a(lib_a-s_matherr.o)
 .debug_frame   0x000014b8       0x20 d:/siliconlabs/simplicitystudio/v4/developer/toolchains/gnu_arm/7.2_2017q4/bin/../lib/gcc/arm-none-eabi/7.2.1/../../../../arm-none-eabi/lib/thumb/v6-m\libm.a(lib_a-s_nan.o)
 .debug_frame   0x000014d8       0x20 d:/siliconlabs/simplicitystudio/v4/developer/toolchains/gnu_arm/7.2_2017q4/bin/../lib/gcc/arm-none-eabi/7.2.1/thumb/v6-m\libgcc.a(_udivsi3.o)
 .debug_frame   0x000014f8       0x38 d:/siliconlabs/simplicitystudio/v4/developer/toolchains/gnu_arm/7.2_2017q4/bin/../lib/gcc/arm-none-eabi/7.2.1/thumb/v6-m\libgcc.a(addsf3.o)
 .debug_frame   0x00001530       0x3c d:/siliconlabs/simplicitystudio/v4/developer/toolchains/gnu_arm/7.2_2017q4/bin/../lib/gcc/arm-none-eabi/7.2.1/thumb/v6-m\libgcc.a(divsf3.o)
 .debug_frame   0x0000156c       0x2c d:/siliconlabs/simplicitystudio/v4/developer/toolchains/gnu_arm/7.2_2017q4/bin/../lib/gcc/arm-none-eabi/7.2.1/thumb/v6-m\libgcc.a(eqsf2.o)
 .debug_frame   0x00001598       0x2c d:/siliconlabs/simplicitystudio/v4/developer/toolchains/gnu_arm/7.2_2017q4/bin/../lib/gcc/arm-none-eabi/7.2.1/thumb/v6-m\libgcc.a(gesf2.o)
 .debug_frame   0x000015c4       0x2c d:/siliconlabs/simplicitystudio/v4/developer/toolchains/gnu_arm/7.2_2017q4/bin/../lib/gcc/arm-none-eabi/7.2.1/thumb/v6-m\libgcc.a(lesf2.o)
 .debug_frame   0x000015f0       0x3c d:/siliconlabs/simplicitystudio/v4/developer/toolchains/gnu_arm/7.2_2017q4/bin/../lib/gcc/arm-none-eabi/7.2.1/thumb/v6-m\libgcc.a(mulsf3.o)
 .debug_frame   0x0000162c       0x38 d:/siliconlabs/simplicitystudio/v4/developer/toolchains/gnu_arm/7.2_2017q4/bin/../lib/gcc/arm-none-eabi/7.2.1/thumb/v6-m\libgcc.a(subsf3.o)
 .debug_frame   0x00001664       0x20 d:/siliconlabs/simplicitystudio/v4/developer/toolchains/gnu_arm/7.2_2017q4/bin/../lib/gcc/arm-none-eabi/7.2.1/thumb/v6-m\libgcc.a(fixsfsi.o)
 .debug_frame   0x00001684       0x2c d:/siliconlabs/simplicitystudio/v4/developer/toolchains/gnu_arm/7.2_2017q4/bin/../lib/gcc/arm-none-eabi/7.2.1/thumb/v6-m\libgcc.a(floatsisf.o)
 .debug_frame   0x000016b0       0x38 d:/siliconlabs/simplicitystudio/v4/developer/toolchains/gnu_arm/7.2_2017q4/bin/../lib/gcc/arm-none-eabi/7.2.1/thumb/v6-m\libgcc.a(adddf3.o)
 .debug_frame   0x000016e8       0x3c d:/siliconlabs/simplicitystudio/v4/developer/toolchains/gnu_arm/7.2_2017q4/bin/../lib/gcc/arm-none-eabi/7.2.1/thumb/v6-m\libgcc.a(divdf3.o)
 .debug_frame   0x00001724       0x38 d:/siliconlabs/simplicitystudio/v4/developer/toolchains/gnu_arm/7.2_2017q4/bin/../lib/gcc/arm-none-eabi/7.2.1/thumb/v6-m\libgcc.a(eqdf2.o)
 .debug_frame   0x0000175c       0x38 d:/siliconlabs/simplicitystudio/v4/developer/toolchains/gnu_arm/7.2_2017q4/bin/../lib/gcc/arm-none-eabi/7.2.1/thumb/v6-m\libgcc.a(gedf2.o)
 .debug_frame   0x00001794       0x38 d:/siliconlabs/simplicitystudio/v4/developer/toolchains/gnu_arm/7.2_2017q4/bin/../lib/gcc/arm-none-eabi/7.2.1/thumb/v6-m\libgcc.a(ledf2.o)
 .debug_frame   0x000017cc       0x3c d:/siliconlabs/simplicitystudio/v4/developer/toolchains/gnu_arm/7.2_2017q4/bin/../lib/gcc/arm-none-eabi/7.2.1/thumb/v6-m\libgcc.a(muldf3.o)
 .debug_frame   0x00001808       0x3c d:/siliconlabs/simplicitystudio/v4/developer/toolchains/gnu_arm/7.2_2017q4/bin/../lib/gcc/arm-none-eabi/7.2.1/thumb/v6-m\libgcc.a(subdf3.o)
 .debug_frame   0x00001844       0x2c d:/siliconlabs/simplicitystudio/v4/developer/toolchains/gnu_arm/7.2_2017q4/bin/../lib/gcc/arm-none-eabi/7.2.1/thumb/v6-m\libgcc.a(unorddf2.o)
 .debug_frame   0x00001870       0x2c d:/siliconlabs/simplicitystudio/v4/developer/toolchains/gnu_arm/7.2_2017q4/bin/../lib/gcc/arm-none-eabi/7.2.1/thumb/v6-m\libgcc.a(floatsidf.o)
 .debug_frame   0x0000189c       0x2c d:/siliconlabs/simplicitystudio/v4/developer/toolchains/gnu_arm/7.2_2017q4/bin/../lib/gcc/arm-none-eabi/7.2.1/thumb/v6-m\libgcc.a(extendsfdf2.o)
 .debug_frame   0x000018c8       0x30 d:/siliconlabs/simplicitystudio/v4/developer/toolchains/gnu_arm/7.2_2017q4/bin/../lib/gcc/arm-none-eabi/7.2.1/thumb/v6-m\libgcc.a(truncdfsf2.o)
 .debug_frame   0x000018f8       0x20 d:/siliconlabs/simplicitystudio/v4/developer/toolchains/gnu_arm/7.2_2017q4/bin/../lib/gcc/arm-none-eabi/7.2.1/../../../../arm-none-eabi/lib/thumb/v6-m\libc_nano.a(lib_a-errno.o)
 .debug_frame   0x00001918       0x28 d:/siliconlabs/simplicitystudio/v4/developer/toolchains/gnu_arm/7.2_2017q4/bin/../lib/gcc/arm-none-eabi/7.2.1/../../../../arm-none-eabi/lib/thumb/v6-m\libc_nano.a(lib_a-exit.o)
 .debug_frame   0x00001940       0x2c d:/siliconlabs/simplicitystudio/v4/developer/toolchains/gnu_arm/7.2_2017q4/bin/../lib/gcc/arm-none-eabi/7.2.1/../../../../arm-none-eabi/lib/thumb/v6-m\libc_nano.a(lib_a-init.o)
 .debug_frame   0x0000196c       0x28 d:/siliconlabs/simplicitystudio/v4/developer/toolchains/gnu_arm/7.2_2017q4/bin/../lib/gcc/arm-none-eabi/7.2.1/../../../../arm-none-eabi/lib/thumb/v6-m\libc_nano.a(lib_a-memcpy-stub.o)
 .debug_frame   0x00001994       0x20 d:/siliconlabs/simplicitystudio/v4/developer/toolchains/gnu_arm/7.2_2017q4/bin/../lib/gcc/arm-none-eabi/7.2.1/../../../../arm-none-eabi/lib/thumb/v6-m\libc_nano.a(lib_a-memset.o)
 .debug_frame   0x000019b4       0x20 d:/siliconlabs/simplicitystudio/v4/developer/toolchains/gnu_arm/7.2_2017q4/bin/../lib/gcc/arm-none-eabi/7.2.1/../../../../arm-none-eabi/lib/thumb/v6-m\libnosys.a(_exit.o)
