candrv.c:24:6:msgQueueFull	0	static
candrv.c:32:6:msgQueueEmpty	0	static
candrv.c:40:5:msgEnqueue	16	static
candrv.c:56:28:msgDequeue	16	static
candrv.c:87:6:setUpCAN	24	static
candrv.c:139:6:configMessageObj	32	static
candrv.c:172:6:CAN0_IRQHandler	8	static
candrv.c:207:6:CAN_Tx	8	static
candrv.c:212:6:poll_CAN_Tx	8	static
candrv.c:234:6:CANInit	32	static
candrv.c:249:6:handleDaltesterOn	48	static
candrv.c:285:6:handleDaltesterOff	48	static
candrv.c:322:6:handleBatteryChk	72	static
candrv.c:378:6:handlePwrToBattery	48	static
candrv.c:425:6:handlePwrToGround	48	static
candrv.c:472:6:CAN_ParseMsg	24	static
candrv.c:534:6:parseForBatterysupplyMode	8	static
candrv.c:539:6:parseForGroundSupplyMode	8	static
candrv.c:544:6:configBeforePowerSwitch	8	static
